2025-12-31 16:44:14,135 Namespace(eval_interval=1, frequent=10, gpus='', num_workers=4, out_dir='out')
2025-12-31 16:44:15,513 => load 200 samples
2025-12-31 16:44:15,516 => load 200 samples
2025-12-31 16:44:19,496 Epoch: [0][0/200]	Time 3.978s (3.978s)	Speed 8.0 samples/s	Data 3.594s (3.594s)	Loss 2.53597 (2.53597)
2025-12-31 16:44:22,395 Epoch: [0][10/200]	Time 0.290s (0.625s)	Speed 110.2 samples/s	Data 0.002s (0.328s)	Loss 2.05180 (2.26251)
2025-12-31 16:44:25,421 Epoch: [0][20/200]	Time 0.286s (0.472s)	Speed 111.9 samples/s	Data 0.001s (0.172s)	Loss 1.76602 (2.08479)
2025-12-31 16:44:28,375 Epoch: [0][30/200]	Time 0.290s (0.415s)	Speed 110.2 samples/s	Data 0.001s (0.117s)	Loss 1.51366 (1.93455)
2025-12-31 16:44:31,429 Epoch: [0][40/200]	Time 0.318s (0.388s)	Speed 100.7 samples/s	Data 0.001s (0.089s)	Loss 1.29058 (1.80142)
2025-12-31 16:44:34,361 Epoch: [0][50/200]	Time 0.297s (0.370s)	Speed 107.7 samples/s	Data 0.002s (0.072s)	Loss 1.09857 (1.68094)
2025-12-31 16:44:37,267 Epoch: [0][60/200]	Time 0.308s (0.357s)	Speed 104.0 samples/s	Data 0.004s (0.060s)	Loss 0.93004 (1.56963)
2025-12-31 16:44:40,107 Epoch: [0][70/200]	Time 0.287s (0.346s)	Speed 111.6 samples/s	Data 0.003s (0.052s)	Loss 0.77214 (1.46787)
2025-12-31 16:44:43,024 Epoch: [0][80/200]	Time 0.278s (0.340s)	Speed 115.0 samples/s	Data 0.000s (0.046s)	Loss 0.65957 (1.37440)
2025-12-31 16:44:45,924 Epoch: [0][90/200]	Time 0.283s (0.334s)	Speed 113.1 samples/s	Data 0.000s (0.041s)	Loss 0.57869 (1.29007)
2025-12-31 16:44:48,934 Epoch: [0][100/200]	Time 0.318s (0.331s)	Speed 100.7 samples/s	Data 0.002s (0.037s)	Loss 0.48584 (1.21405)
2025-12-31 16:44:51,866 Epoch: [0][110/200]	Time 0.306s (0.327s)	Speed 104.6 samples/s	Data 0.002s (0.034s)	Loss 0.41433 (1.14533)
2025-12-31 16:44:54,950 Epoch: [0][120/200]	Time 0.306s (0.326s)	Speed 104.5 samples/s	Data 0.000s (0.031s)	Loss 0.36343 (1.08337)
2025-12-31 16:44:57,985 Epoch: [0][130/200]	Time 0.331s (0.324s)	Speed 96.5 samples/s	Data 0.002s (0.029s)	Loss 0.34545 (1.02723)
2025-12-31 16:45:00,995 Epoch: [0][140/200]	Time 0.289s (0.323s)	Speed 110.7 samples/s	Data 0.003s (0.027s)	Loss 0.30754 (0.97729)
2025-12-31 16:45:03,901 Epoch: [0][150/200]	Time 0.280s (0.320s)	Speed 114.3 samples/s	Data 0.000s (0.025s)	Loss 0.28615 (0.93167)
2025-12-31 16:45:07,086 Epoch: [0][160/200]	Time 0.379s (0.320s)	Speed 84.3 samples/s	Data 0.003s (0.024s)	Loss 0.26825 (0.89058)
2025-12-31 16:45:10,635 Epoch: [0][170/200]	Time 0.450s (0.322s)	Speed 71.1 samples/s	Data 0.002s (0.022s)	Loss 0.25841 (0.85330)
2025-12-31 16:45:14,315 Epoch: [0][180/200]	Time 0.533s (0.325s)	Speed 60.0 samples/s	Data 0.002s (0.021s)	Loss 0.23251 (0.81939)
2025-12-31 16:45:18,317 Epoch: [0][190/200]	Time 0.377s (0.329s)	Speed 84.9 samples/s	Data 0.003s (0.020s)	Loss 0.20781 (0.78789)
2025-12-31 16:45:25,544 Test: [0/200]	Time 2.898 (2.898)	Loss 0.4178 (0.4178)
2025-12-31 16:45:27,057 Test: [10/200]	Time 0.111 (0.401)	Loss 0.1496 (0.3463)
2025-12-31 16:45:27,741 Test: [20/200]	Time 0.057 (0.243)	Loss 0.2591 (0.3570)
2025-12-31 16:45:28,317 Test: [30/200]	Time 0.036 (0.183)	Loss 0.5088 (0.3640)
2025-12-31 16:45:28,832 Test: [40/200]	Time 0.077 (0.151)	Loss 0.3814 (0.3782)
2025-12-31 16:45:29,266 Test: [50/200]	Time 0.043 (0.130)	Loss 0.4520 (0.3813)
2025-12-31 16:45:29,746 Test: [60/200]	Time 0.038 (0.116)	Loss 0.4372 (0.3822)
2025-12-31 16:45:30,179 Test: [70/200]	Time 0.039 (0.106)	Loss 0.3667 (0.3813)
2025-12-31 16:45:30,554 Test: [80/200]	Time 0.035 (0.098)	Loss 0.4620 (0.3764)
2025-12-31 16:45:30,978 Test: [90/200]	Time 0.045 (0.092)	Loss 0.4641 (0.3797)
2025-12-31 16:45:31,382 Test: [100/200]	Time 0.045 (0.086)	Loss 0.4737 (0.3786)
2025-12-31 16:45:31,835 Test: [110/200]	Time 0.057 (0.083)	Loss 0.4529 (0.3802)
2025-12-31 16:45:32,269 Test: [120/200]	Time 0.036 (0.080)	Loss 0.4373 (0.3777)
2025-12-31 16:45:32,614 Test: [130/200]	Time 0.036 (0.076)	Loss 0.3604 (0.3817)
2025-12-31 16:45:32,928 Test: [140/200]	Time 0.025 (0.073)	Loss 0.3470 (0.3807)
2025-12-31 16:45:33,190 Test: [150/200]	Time 0.023 (0.070)	Loss 0.4127 (0.3795)
2025-12-31 16:45:33,445 Test: [160/200]	Time 0.021 (0.067)	Loss 0.3942 (0.3793)
2025-12-31 16:45:33,754 Test: [170/200]	Time 0.055 (0.065)	Loss 0.2882 (0.3771)
2025-12-31 16:45:34,083 Test: [180/200]	Time 0.031 (0.063)	Loss 0.3187 (0.3751)
2025-12-31 16:45:34,380 Test: [190/200]	Time 0.030 (0.061)	Loss 0.3179 (0.3763)
2025-12-31 16:45:35,743 Mean IoU score: 0.203
2025-12-31 16:45:35,748 => saving checkpoint to out
2025-12-31 16:45:40,251 Epoch: [1][0/200]	Time 4.481s (4.481s)	Speed 7.1 samples/s	Data 4.034s (4.034s)	Loss 0.19949 (0.19949)
2025-12-31 16:45:43,579 Epoch: [1][10/200]	Time 0.290s (0.710s)	Speed 110.2 samples/s	Data 0.005s (0.368s)	Loss 0.19911 (0.20733)
2025-12-31 16:45:46,676 Epoch: [1][20/200]	Time 0.302s (0.519s)	Speed 105.8 samples/s	Data 0.002s (0.193s)	Loss 0.25135 (0.20357)
2025-12-31 16:45:49,919 Epoch: [1][30/200]	Time 0.396s (0.456s)	Speed 80.8 samples/s	Data 0.002s (0.131s)	Loss 0.16481 (0.20003)
2025-12-31 16:45:53,320 Epoch: [1][40/200]	Time 0.393s (0.428s)	Speed 81.4 samples/s	Data 0.000s (0.100s)	Loss 0.17736 (0.19465)
2025-12-31 16:45:56,617 Epoch: [1][50/200]	Time 0.334s (0.409s)	Speed 95.8 samples/s	Data 0.002s (0.080s)	Loss 0.15170 (0.19046)
2025-12-31 16:46:00,462 Epoch: [1][60/200]	Time 0.340s (0.405s)	Speed 94.0 samples/s	Data 0.000s (0.067s)	Loss 0.16297 (0.18641)
2025-12-31 16:46:04,570 Epoch: [1][70/200]	Time 0.364s (0.406s)	Speed 87.8 samples/s	Data 0.000s (0.058s)	Loss 0.15493 (0.18231)
2025-12-31 16:46:08,474 Epoch: [1][80/200]	Time 0.444s (0.404s)	Speed 72.1 samples/s	Data 0.004s (0.051s)	Loss 0.11695 (0.17743)
2025-12-31 16:46:12,263 Epoch: [1][90/200]	Time 0.343s (0.401s)	Speed 93.4 samples/s	Data 0.000s (0.046s)	Loss 0.13282 (0.17267)
2025-12-31 16:46:17,218 Epoch: [1][100/200]	Time 0.488s (0.410s)	Speed 65.5 samples/s	Data 0.002s (0.041s)	Loss 0.12862 (0.16959)
2025-12-31 16:46:22,641 Epoch: [1][110/200]	Time 0.587s (0.422s)	Speed 54.5 samples/s	Data 0.003s (0.038s)	Loss 0.11957 (0.16620)
2025-12-31 16:46:27,355 Epoch: [1][120/200]	Time 0.497s (0.426s)	Speed 64.4 samples/s	Data 0.000s (0.035s)	Loss 0.10547 (0.16208)
2025-12-31 16:46:31,807 Epoch: [1][130/200]	Time 0.477s (0.428s)	Speed 67.1 samples/s	Data 0.003s (0.032s)	Loss 0.10320 (0.15824)
2025-12-31 16:46:36,526 Epoch: [1][140/200]	Time 0.450s (0.431s)	Speed 71.1 samples/s	Data 0.002s (0.030s)	Loss 0.12310 (0.15485)
2025-12-31 16:46:40,768 Epoch: [1][150/200]	Time 0.410s (0.430s)	Speed 78.0 samples/s	Data 0.002s (0.029s)	Loss 0.09315 (0.15144)
2025-12-31 16:46:44,569 Epoch: [1][160/200]	Time 0.409s (0.427s)	Speed 78.3 samples/s	Data 0.002s (0.027s)	Loss 0.10384 (0.14837)
2025-12-31 16:46:48,284 Epoch: [1][170/200]	Time 0.325s (0.424s)	Speed 98.3 samples/s	Data 0.002s (0.025s)	Loss 0.09108 (0.14542)
2025-12-31 16:46:52,068 Epoch: [1][180/200]	Time 0.444s (0.422s)	Speed 72.0 samples/s	Data 0.000s (0.024s)	Loss 0.09730 (0.14262)
2025-12-31 16:46:56,169 Epoch: [1][190/200]	Time 0.421s (0.421s)	Speed 76.0 samples/s	Data 0.000s (0.023s)	Loss 0.09296 (0.13993)
2025-12-31 16:47:03,440 Test: [0/200]	Time 2.708 (2.708)	Loss 0.2212 (0.2212)
2025-12-31 16:47:03,824 Test: [10/200]	Time 0.032 (0.281)	Loss 0.0576 (0.1659)
2025-12-31 16:47:04,062 Test: [20/200]	Time 0.020 (0.159)	Loss 0.1205 (0.1680)
2025-12-31 16:47:04,358 Test: [30/200]	Time 0.030 (0.117)	Loss 0.2372 (0.1758)
2025-12-31 16:47:04,682 Test: [40/200]	Time 0.031 (0.096)	Loss 0.1655 (0.1830)
2025-12-31 16:47:04,978 Test: [50/200]	Time 0.025 (0.083)	Loss 0.2387 (0.1831)
2025-12-31 16:47:05,269 Test: [60/200]	Time 0.027 (0.074)	Loss 0.2069 (0.1850)
2025-12-31 16:47:05,558 Test: [70/200]	Time 0.027 (0.068)	Loss 0.1615 (0.1850)
2025-12-31 16:47:05,841 Test: [80/200]	Time 0.028 (0.063)	Loss 0.2349 (0.1825)
2025-12-31 16:47:06,183 Test: [90/200]	Time 0.031 (0.060)	Loss 0.2462 (0.1846)
2025-12-31 16:47:06,501 Test: [100/200]	Time 0.034 (0.057)	Loss 0.2446 (0.1837)
2025-12-31 16:47:06,788 Test: [110/200]	Time 0.026 (0.055)	Loss 0.2461 (0.1842)
2025-12-31 16:47:07,062 Test: [120/200]	Time 0.026 (0.052)	Loss 0.2170 (0.1830)
2025-12-31 16:47:07,363 Test: [130/200]	Time 0.032 (0.051)	Loss 0.1560 (0.1849)
2025-12-31 16:47:07,679 Test: [140/200]	Time 0.027 (0.049)	Loss 0.1660 (0.1842)
2025-12-31 16:47:07,990 Test: [150/200]	Time 0.035 (0.048)	Loss 0.1808 (0.1830)
2025-12-31 16:47:08,325 Test: [160/200]	Time 0.033 (0.047)	Loss 0.2063 (0.1828)
2025-12-31 16:47:08,618 Test: [170/200]	Time 0.031 (0.046)	Loss 0.1317 (0.1812)
2025-12-31 16:47:08,940 Test: [180/200]	Time 0.035 (0.045)	Loss 0.1477 (0.1802)
2025-12-31 16:47:09,258 Test: [190/200]	Time 0.030 (0.045)	Loss 0.1239 (0.1808)
2025-12-31 16:47:10,834 Mean IoU score: 0.630
2025-12-31 16:47:10,842 => saving checkpoint to out
2025-12-31 16:47:15,701 Epoch: [2][0/200]	Time 4.832s (4.832s)	Speed 6.6 samples/s	Data 4.456s (4.456s)	Loss 0.06960 (0.06960)
2025-12-31 16:47:18,906 Epoch: [2][10/200]	Time 0.311s (0.731s)	Speed 102.9 samples/s	Data 0.000s (0.406s)	Loss 0.08319 (0.08256)
2025-12-31 16:47:22,150 Epoch: [2][20/200]	Time 0.305s (0.537s)	Speed 104.9 samples/s	Data 0.003s (0.213s)	Loss 0.07916 (0.07921)
2025-12-31 16:47:25,461 Epoch: [2][30/200]	Time 0.306s (0.471s)	Speed 104.5 samples/s	Data 0.005s (0.145s)	Loss 0.06596 (0.07633)
2025-12-31 16:47:28,700 Epoch: [2][40/200]	Time 0.352s (0.435s)	Speed 91.0 samples/s	Data 0.000s (0.110s)	Loss 0.06628 (0.07546)
2025-12-31 16:47:32,512 Epoch: [2][50/200]	Time 0.313s (0.424s)	Speed 102.2 samples/s	Data 0.002s (0.089s)	Loss 0.06074 (0.07361)
2025-12-31 16:47:36,918 Epoch: [2][60/200]	Time 0.489s (0.427s)	Speed 65.4 samples/s	Data 0.004s (0.074s)	Loss 0.05784 (0.07215)
2025-12-31 16:47:41,474 Epoch: [2][70/200]	Time 0.458s (0.431s)	Speed 69.9 samples/s	Data 0.002s (0.064s)	Loss 0.06942 (0.07072)
2025-12-31 16:47:45,489 Epoch: [2][80/200]	Time 0.373s (0.427s)	Speed 85.7 samples/s	Data 0.000s (0.057s)	Loss 0.06554 (0.06966)
2025-12-31 16:47:49,636 Epoch: [2][90/200]	Time 0.496s (0.426s)	Speed 64.6 samples/s	Data 0.000s (0.051s)	Loss 0.05086 (0.06823)
2025-12-31 16:47:53,788 Epoch: [2][100/200]	Time 0.411s (0.425s)	Speed 77.9 samples/s	Data 0.000s (0.046s)	Loss 0.06007 (0.06688)
2025-12-31 16:47:57,763 Epoch: [2][110/200]	Time 0.395s (0.422s)	Speed 81.1 samples/s	Data 0.000s (0.042s)	Loss 0.05748 (0.06636)
2025-12-31 16:48:02,500 Epoch: [2][120/200]	Time 0.649s (0.427s)	Speed 49.3 samples/s	Data 0.004s (0.039s)	Loss 0.06097 (0.06520)
2025-12-31 16:48:08,989 Epoch: [2][130/200]	Time 0.454s (0.444s)	Speed 70.5 samples/s	Data 0.000s (0.036s)	Loss 0.05771 (0.06427)
2025-12-31 16:48:13,444 Epoch: [2][140/200]	Time 0.504s (0.444s)	Speed 63.5 samples/s	Data 0.000s (0.033s)	Loss 0.06149 (0.06344)
2025-12-31 16:48:18,139 Epoch: [2][150/200]	Time 0.428s (0.445s)	Speed 74.8 samples/s	Data 0.000s (0.031s)	Loss 0.04630 (0.06285)
2025-12-31 16:48:22,532 Epoch: [2][160/200]	Time 0.433s (0.445s)	Speed 73.8 samples/s	Data 0.003s (0.030s)	Loss 0.04335 (0.06193)
2025-12-31 16:48:27,091 Epoch: [2][170/200]	Time 0.411s (0.446s)	Speed 77.9 samples/s	Data 0.000s (0.028s)	Loss 0.04660 (0.06104)
2025-12-31 16:48:31,112 Epoch: [2][180/200]	Time 0.433s (0.443s)	Speed 73.9 samples/s	Data 0.003s (0.027s)	Loss 0.04433 (0.06005)
2025-12-31 16:48:35,558 Epoch: [2][190/200]	Time 0.427s (0.443s)	Speed 75.0 samples/s	Data 0.001s (0.025s)	Loss 0.05217 (0.05918)
2025-12-31 16:48:45,070 Test: [0/200]	Time 4.695 (4.695)	Loss 0.1208 (0.1208)
2025-12-31 16:48:46,020 Test: [10/200]	Time 0.099 (0.513)	Loss 0.0381 (0.1038)
2025-12-31 16:48:46,637 Test: [20/200]	Time 0.051 (0.298)	Loss 0.0819 (0.1068)
2025-12-31 16:48:47,970 Test: [30/200]	Time 0.277 (0.245)	Loss 0.1617 (0.1115)
2025-12-31 16:48:49,290 Test: [40/200]	Time 0.049 (0.217)	Loss 0.1057 (0.1156)
2025-12-31 16:48:49,867 Test: [50/200]	Time 0.043 (0.186)	Loss 0.1517 (0.1162)
2025-12-31 16:48:50,594 Test: [60/200]	Time 0.067 (0.168)	Loss 0.1341 (0.1188)
2025-12-31 16:48:51,145 Test: [70/200]	Time 0.059 (0.152)	Loss 0.0981 (0.1182)
2025-12-31 16:48:51,731 Test: [80/200]	Time 0.059 (0.140)	Loss 0.1269 (0.1161)
2025-12-31 16:48:52,220 Test: [90/200]	Time 0.065 (0.130)	Loss 0.1651 (0.1181)
2025-12-31 16:48:52,680 Test: [100/200]	Time 0.050 (0.122)	Loss 0.1812 (0.1179)
2025-12-31 16:48:53,096 Test: [110/200]	Time 0.039 (0.115)	Loss 0.1833 (0.1189)
2025-12-31 16:48:53,605 Test: [120/200]	Time 0.058 (0.109)	Loss 0.1485 (0.1174)
2025-12-31 16:48:54,150 Test: [130/200]	Time 0.047 (0.105)	Loss 0.1022 (0.1184)
2025-12-31 16:48:54,668 Test: [140/200]	Time 0.063 (0.101)	Loss 0.1041 (0.1177)
2025-12-31 16:48:55,269 Test: [150/200]	Time 0.062 (0.099)	Loss 0.1070 (0.1165)
2025-12-31 16:48:55,777 Test: [160/200]	Time 0.040 (0.096)	Loss 0.1345 (0.1164)
2025-12-31 16:48:56,254 Test: [170/200]	Time 0.036 (0.093)	Loss 0.1206 (0.1155)
2025-12-31 16:48:56,631 Test: [180/200]	Time 0.034 (0.090)	Loss 0.1016 (0.1145)
2025-12-31 16:48:57,071 Test: [190/200]	Time 0.029 (0.087)	Loss 0.0718 (0.1148)
2025-12-31 16:48:59,453 Mean IoU score: 0.755
2025-12-31 16:48:59,463 => saving checkpoint to out
2025-12-31 16:49:05,288 Epoch: [3][0/200]	Time 5.802s (5.802s)	Speed 5.5 samples/s	Data 5.254s (5.254s)	Loss 0.03951 (0.03951)
2025-12-31 16:49:09,681 Epoch: [3][10/200]	Time 0.398s (0.927s)	Speed 80.5 samples/s	Data 0.000s (0.481s)	Loss 0.04161 (0.04154)
2025-12-31 16:49:14,070 Epoch: [3][20/200]	Time 0.381s (0.694s)	Speed 84.0 samples/s	Data 0.000s (0.252s)	Loss 0.05934 (0.04053)
2025-12-31 16:49:17,985 Epoch: [3][30/200]	Time 0.355s (0.597s)	Speed 90.3 samples/s	Data 0.001s (0.171s)	Loss 0.02720 (0.03975)
2025-12-31 16:49:21,560 Epoch: [3][40/200]	Time 0.357s (0.538s)	Speed 89.6 samples/s	Data 0.000s (0.129s)	Loss 0.03535 (0.03922)
2025-12-31 16:49:25,796 Epoch: [3][50/200]	Time 0.453s (0.516s)	Speed 70.7 samples/s	Data 0.009s (0.104s)	Loss 0.02961 (0.03828)
2025-12-31 16:49:30,321 Epoch: [3][60/200]	Time 0.490s (0.505s)	Speed 65.3 samples/s	Data 0.002s (0.088s)	Loss 0.03161 (0.03743)
2025-12-31 16:49:35,457 Epoch: [3][70/200]	Time 0.523s (0.507s)	Speed 61.2 samples/s	Data 0.000s (0.076s)	Loss 0.03793 (0.03700)
2025-12-31 16:49:40,078 Epoch: [3][80/200]	Time 0.491s (0.501s)	Speed 65.2 samples/s	Data 0.003s (0.066s)	Loss 0.02636 (0.03670)
2025-12-31 16:49:44,470 Epoch: [3][90/200]	Time 0.415s (0.494s)	Speed 77.2 samples/s	Data 0.002s (0.059s)	Loss 0.03041 (0.03638)
2025-12-31 16:49:48,472 Epoch: [3][100/200]	Time 0.346s (0.485s)	Speed 92.5 samples/s	Data 0.000s (0.054s)	Loss 0.02939 (0.03613)
2025-12-31 16:49:52,153 Epoch: [3][110/200]	Time 0.376s (0.474s)	Speed 85.1 samples/s	Data 0.000s (0.049s)	Loss 0.02758 (0.03581)
2025-12-31 16:49:55,973 Epoch: [3][120/200]	Time 0.433s (0.467s)	Speed 73.9 samples/s	Data 0.000s (0.045s)	Loss 0.04023 (0.03566)
2025-12-31 16:50:00,500 Epoch: [3][130/200]	Time 0.487s (0.466s)	Speed 65.7 samples/s	Data 0.002s (0.042s)	Loss 0.03230 (0.03549)
2025-12-31 16:50:05,006 Epoch: [3][140/200]	Time 0.463s (0.465s)	Speed 69.0 samples/s	Data 0.002s (0.039s)	Loss 0.03284 (0.03514)
2025-12-31 16:50:09,517 Epoch: [3][150/200]	Time 0.464s (0.464s)	Speed 68.9 samples/s	Data 0.000s (0.037s)	Loss 0.02490 (0.03502)
2025-12-31 16:50:14,248 Epoch: [3][160/200]	Time 0.581s (0.464s)	Speed 55.1 samples/s	Data 0.004s (0.035s)	Loss 0.02915 (0.03501)
2025-12-31 16:50:19,025 Epoch: [3][170/200]	Time 0.431s (0.465s)	Speed 74.3 samples/s	Data 0.002s (0.033s)	Loss 0.04140 (0.03492)
2025-12-31 16:50:23,460 Epoch: [3][180/200]	Time 0.440s (0.464s)	Speed 72.7 samples/s	Data 0.005s (0.031s)	Loss 0.03326 (0.03470)
2025-12-31 16:50:28,491 Epoch: [3][190/200]	Time 0.555s (0.466s)	Speed 57.7 samples/s	Data 0.004s (0.030s)	Loss 0.02636 (0.03447)
2025-12-31 16:50:36,590 Test: [0/200]	Time 3.007 (3.007)	Loss 0.0998 (0.0998)
2025-12-31 16:50:36,944 Test: [10/200]	Time 0.033 (0.305)	Loss 0.0274 (0.0781)
2025-12-31 16:50:37,322 Test: [20/200]	Time 0.046 (0.178)	Loss 0.0453 (0.0813)
2025-12-31 16:50:37,696 Test: [30/200]	Time 0.049 (0.133)	Loss 0.1097 (0.0861)
2025-12-31 16:50:38,087 Test: [40/200]	Time 0.036 (0.110)	Loss 0.0769 (0.0890)
2025-12-31 16:50:38,423 Test: [50/200]	Time 0.032 (0.095)	Loss 0.1129 (0.0882)
2025-12-31 16:50:38,766 Test: [60/200]	Time 0.035 (0.085)	Loss 0.0855 (0.0905)
2025-12-31 16:50:39,104 Test: [70/200]	Time 0.029 (0.078)	Loss 0.0858 (0.0909)
2025-12-31 16:50:39,563 Test: [80/200]	Time 0.049 (0.074)	Loss 0.1125 (0.0896)
2025-12-31 16:50:39,909 Test: [90/200]	Time 0.033 (0.070)	Loss 0.1123 (0.0912)
2025-12-31 16:50:40,224 Test: [100/200]	Time 0.031 (0.066)	Loss 0.1440 (0.0907)
2025-12-31 16:50:40,531 Test: [110/200]	Time 0.032 (0.063)	Loss 0.1660 (0.0917)
2025-12-31 16:50:40,990 Test: [120/200]	Time 0.063 (0.061)	Loss 0.0973 (0.0902)
2025-12-31 16:50:41,404 Test: [130/200]	Time 0.028 (0.060)	Loss 0.0890 (0.0908)
2025-12-31 16:50:41,725 Test: [140/200]	Time 0.035 (0.058)	Loss 0.1007 (0.0906)
2025-12-31 16:50:42,036 Test: [150/200]	Time 0.030 (0.056)	Loss 0.0839 (0.0897)
2025-12-31 16:50:42,356 Test: [160/200]	Time 0.038 (0.054)	Loss 0.0899 (0.0894)
2025-12-31 16:50:42,770 Test: [170/200]	Time 0.042 (0.054)	Loss 0.0853 (0.0886)
2025-12-31 16:50:43,273 Test: [180/200]	Time 0.061 (0.054)	Loss 0.0711 (0.0883)
2025-12-31 16:50:43,690 Test: [190/200]	Time 0.028 (0.053)	Loss 0.0546 (0.0881)
2025-12-31 16:50:45,328 Mean IoU score: 0.802
2025-12-31 16:50:45,334 => saving checkpoint to out
2025-12-31 16:50:50,983 Epoch: [4][0/200]	Time 5.620s (5.620s)	Speed 5.7 samples/s	Data 5.225s (5.225s)	Loss 0.03335 (0.03335)
2025-12-31 16:50:54,952 Epoch: [4][10/200]	Time 0.495s (0.872s)	Speed 64.7 samples/s	Data 0.002s (0.477s)	Loss 0.02518 (0.02829)
2025-12-31 16:50:58,721 Epoch: [4][20/200]	Time 0.375s (0.636s)	Speed 85.4 samples/s	Data 0.002s (0.251s)	Loss 0.02399 (0.02669)
2025-12-31 16:51:02,547 Epoch: [4][30/200]	Time 0.355s (0.554s)	Speed 90.1 samples/s	Data 0.002s (0.171s)	Loss 0.02248 (0.02651)
2025-12-31 16:51:05,807 Epoch: [4][40/200]	Time 0.321s (0.499s)	Speed 99.7 samples/s	Data 0.001s (0.130s)	Loss 0.02494 (0.02668)
2025-12-31 16:51:09,413 Epoch: [4][50/200]	Time 0.313s (0.472s)	Speed 102.2 samples/s	Data 0.002s (0.105s)	Loss 0.02325 (0.02653)
2025-12-31 16:51:12,948 Epoch: [4][60/200]	Time 0.332s (0.452s)	Speed 96.4 samples/s	Data 0.002s (0.088s)	Loss 0.01989 (0.02604)
2025-12-31 16:51:16,226 Epoch: [4][70/200]	Time 0.296s (0.435s)	Speed 107.9 samples/s	Data 0.001s (0.076s)	Loss 0.02433 (0.02610)
2025-12-31 16:51:19,429 Epoch: [4][80/200]	Time 0.328s (0.421s)	Speed 97.6 samples/s	Data 0.001s (0.066s)	Loss 0.02491 (0.02593)
2025-12-31 16:51:23,052 Epoch: [4][90/200]	Time 0.332s (0.414s)	Speed 96.4 samples/s	Data 0.001s (0.059s)	Loss 0.02465 (0.02568)
2025-12-31 16:51:26,260 Epoch: [4][100/200]	Time 0.352s (0.405s)	Speed 90.8 samples/s	Data 0.002s (0.054s)	Loss 0.02490 (0.02565)
2025-12-31 16:51:29,923 Epoch: [4][110/200]	Time 0.342s (0.401s)	Speed 93.7 samples/s	Data 0.001s (0.049s)	Loss 0.02641 (0.02569)
2025-12-31 16:51:33,462 Epoch: [4][120/200]	Time 0.325s (0.398s)	Speed 98.3 samples/s	Data 0.002s (0.045s)	Loss 0.02683 (0.02556)
2025-12-31 16:51:36,727 Epoch: [4][130/200]	Time 0.296s (0.392s)	Speed 108.2 samples/s	Data 0.003s (0.042s)	Loss 0.02584 (0.02561)
2025-12-31 16:51:39,973 Epoch: [4][140/200]	Time 0.304s (0.387s)	Speed 105.1 samples/s	Data 0.001s (0.039s)	Loss 0.02419 (0.02571)
2025-12-31 16:51:43,571 Epoch: [4][150/200]	Time 0.344s (0.385s)	Speed 93.1 samples/s	Data 0.001s (0.036s)	Loss 0.02202 (0.02568)
2025-12-31 16:51:46,957 Epoch: [4][160/200]	Time 0.320s (0.383s)	Speed 100.1 samples/s	Data 0.001s (0.034s)	Loss 0.02123 (0.02546)
2025-12-31 16:51:50,292 Epoch: [4][170/200]	Time 0.295s (0.380s)	Speed 108.4 samples/s	Data 0.002s (0.032s)	Loss 0.01891 (0.02535)
2025-12-31 16:51:53,633 Epoch: [4][180/200]	Time 0.311s (0.377s)	Speed 103.0 samples/s	Data 0.002s (0.031s)	Loss 0.03231 (0.02533)
2025-12-31 16:51:56,994 Epoch: [4][190/200]	Time 0.317s (0.375s)	Speed 100.9 samples/s	Data 0.002s (0.029s)	Loss 0.02448 (0.02523)
2025-12-31 16:52:03,531 Test: [0/200]	Time 2.876 (2.876)	Loss 0.0823 (0.0823)
2025-12-31 16:52:03,805 Test: [10/200]	Time 0.029 (0.286)	Loss 0.0243 (0.0656)
2025-12-31 16:52:04,070 Test: [20/200]	Time 0.030 (0.163)	Loss 0.0652 (0.0704)
2025-12-31 16:52:04,355 Test: [30/200]	Time 0.032 (0.119)	Loss 0.0930 (0.0753)
2025-12-31 16:52:04,632 Test: [40/200]	Time 0.028 (0.097)	Loss 0.0643 (0.0774)
2025-12-31 16:52:04,969 Test: [50/200]	Time 0.032 (0.085)	Loss 0.1022 (0.0777)
2025-12-31 16:52:05,301 Test: [60/200]	Time 0.033 (0.076)	Loss 0.1007 (0.0806)
2025-12-31 16:52:05,616 Test: [70/200]	Time 0.031 (0.070)	Loss 0.0863 (0.0802)
2025-12-31 16:52:05,919 Test: [80/200]	Time 0.028 (0.065)	Loss 0.0733 (0.0785)
2025-12-31 16:52:06,198 Test: [90/200]	Time 0.031 (0.061)	Loss 0.1147 (0.0798)
2025-12-31 16:52:06,524 Test: [100/200]	Time 0.032 (0.058)	Loss 0.1269 (0.0795)
2025-12-31 16:52:06,840 Test: [110/200]	Time 0.029 (0.056)	Loss 0.1399 (0.0804)
2025-12-31 16:52:07,120 Test: [120/200]	Time 0.028 (0.053)	Loss 0.0972 (0.0790)
2025-12-31 16:52:07,407 Test: [130/200]	Time 0.028 (0.052)	Loss 0.0714 (0.0795)
2025-12-31 16:52:07,723 Test: [140/200]	Time 0.039 (0.050)	Loss 0.0647 (0.0788)
2025-12-31 16:52:08,094 Test: [150/200]	Time 0.032 (0.049)	Loss 0.0764 (0.0780)
2025-12-31 16:52:08,392 Test: [160/200]	Time 0.030 (0.048)	Loss 0.0772 (0.0778)
2025-12-31 16:52:08,683 Test: [170/200]	Time 0.030 (0.047)	Loss 0.0504 (0.0774)
2025-12-31 16:52:08,974 Test: [180/200]	Time 0.029 (0.046)	Loss 0.0546 (0.0769)
2025-12-31 16:52:09,277 Test: [190/200]	Time 0.033 (0.045)	Loss 0.0396 (0.0768)
2025-12-31 16:52:10,889 Mean IoU score: 0.818
2025-12-31 16:52:10,893 => saving checkpoint to out
2025-12-31 16:52:16,128 Epoch: [5][0/200]	Time 5.213s (5.213s)	Speed 6.1 samples/s	Data 4.734s (4.734s)	Loss 0.01835 (0.01835)
2025-12-31 16:52:19,489 Epoch: [5][10/200]	Time 0.322s (0.779s)	Speed 99.3 samples/s	Data 0.002s (0.432s)	Loss 0.01656 (0.02058)
2025-12-31 16:52:22,898 Epoch: [5][20/200]	Time 0.325s (0.571s)	Speed 98.3 samples/s	Data 0.002s (0.227s)	Loss 0.02057 (0.02107)
2025-12-31 16:52:26,291 Epoch: [5][30/200]	Time 0.325s (0.496s)	Speed 98.4 samples/s	Data 0.002s (0.154s)	Loss 0.02685 (0.02088)
2025-12-31 16:52:29,522 Epoch: [5][40/200]	Time 0.306s (0.454s)	Speed 104.7 samples/s	Data 0.002s (0.117s)	Loss 0.01917 (0.02097)
2025-12-31 16:52:33,040 Epoch: [5][50/200]	Time 0.406s (0.434s)	Speed 78.7 samples/s	Data 0.001s (0.094s)	Loss 0.02311 (0.02084)
2025-12-31 16:52:36,540 Epoch: [5][60/200]	Time 0.329s (0.420s)	Speed 97.4 samples/s	Data 0.001s (0.079s)	Loss 0.01516 (0.02050)
2025-12-31 16:52:39,928 Epoch: [5][70/200]	Time 0.328s (0.409s)	Speed 97.7 samples/s	Data 0.002s (0.068s)	Loss 0.01813 (0.02025)
2025-12-31 16:52:43,411 Epoch: [5][80/200]	Time 0.314s (0.401s)	Speed 101.8 samples/s	Data 0.002s (0.060s)	Loss 0.01819 (0.02011)
2025-12-31 16:52:46,638 Epoch: [5][90/200]	Time 0.319s (0.393s)	Speed 100.5 samples/s	Data 0.003s (0.054s)	Loss 0.01409 (0.02007)
2025-12-31 16:52:50,099 Epoch: [5][100/200]	Time 0.469s (0.388s)	Speed 68.2 samples/s	Data 0.001s (0.048s)	Loss 0.02050 (0.01996)
2025-12-31 16:52:54,174 Epoch: [5][110/200]	Time 0.351s (0.390s)	Speed 91.1 samples/s	Data 0.002s (0.044s)	Loss 0.02110 (0.01996)
2025-12-31 16:52:57,430 Epoch: [5][120/200]	Time 0.301s (0.384s)	Speed 106.4 samples/s	Data 0.000s (0.041s)	Loss 0.01856 (0.01976)
2025-12-31 16:53:00,725 Epoch: [5][130/200]	Time 0.311s (0.380s)	Speed 102.7 samples/s	Data 0.001s (0.038s)	Loss 0.02258 (0.01984)
2025-12-31 16:53:04,048 Epoch: [5][140/200]	Time 0.288s (0.377s)	Speed 111.2 samples/s	Data 0.002s (0.035s)	Loss 0.02139 (0.01984)
2025-12-31 16:53:07,433 Epoch: [5][150/200]	Time 0.334s (0.374s)	Speed 95.8 samples/s	Data 0.002s (0.033s)	Loss 0.02402 (0.01979)
2025-12-31 16:53:11,039 Epoch: [5][160/200]	Time 0.368s (0.373s)	Speed 87.0 samples/s	Data 0.002s (0.031s)	Loss 0.02065 (0.01965)
2025-12-31 16:53:14,561 Epoch: [5][170/200]	Time 0.312s (0.372s)	Speed 102.5 samples/s	Data 0.002s (0.029s)	Loss 0.01791 (0.01958)
2025-12-31 16:53:17,937 Epoch: [5][180/200]	Time 0.335s (0.370s)	Speed 95.5 samples/s	Data 0.000s (0.028s)	Loss 0.01809 (0.01965)
2025-12-31 16:53:21,273 Epoch: [5][190/200]	Time 0.297s (0.368s)	Speed 107.8 samples/s	Data 0.002s (0.026s)	Loss 0.01787 (0.01967)
2025-12-31 16:53:27,706 Test: [0/200]	Time 2.762 (2.762)	Loss 0.0916 (0.0916)
2025-12-31 16:53:28,087 Test: [10/200]	Time 0.029 (0.286)	Loss 0.0282 (0.0800)
2025-12-31 16:53:28,404 Test: [20/200]	Time 0.026 (0.165)	Loss 0.0518 (0.0817)
2025-12-31 16:53:28,718 Test: [30/200]	Time 0.044 (0.122)	Loss 0.1155 (0.0899)
2025-12-31 16:53:29,061 Test: [40/200]	Time 0.030 (0.100)	Loss 0.0639 (0.0912)
2025-12-31 16:53:29,384 Test: [50/200]	Time 0.043 (0.087)	Loss 0.1469 (0.0907)
2025-12-31 16:53:29,936 Test: [60/200]	Time 0.096 (0.082)	Loss 0.1044 (0.0921)
2025-12-31 16:53:30,264 Test: [70/200]	Time 0.031 (0.075)	Loss 0.0853 (0.0917)
2025-12-31 16:53:30,568 Test: [80/200]	Time 0.029 (0.069)	Loss 0.1090 (0.0900)
2025-12-31 16:53:30,911 Test: [90/200]	Time 0.033 (0.066)	Loss 0.1279 (0.0919)
2025-12-31 16:53:31,318 Test: [100/200]	Time 0.038 (0.063)	Loss 0.1478 (0.0915)
2025-12-31 16:53:31,670 Test: [110/200]	Time 0.031 (0.061)	Loss 0.1705 (0.0927)
2025-12-31 16:53:31,988 Test: [120/200]	Time 0.038 (0.058)	Loss 0.1293 (0.0911)
2025-12-31 16:53:32,312 Test: [130/200]	Time 0.023 (0.056)	Loss 0.0710 (0.0915)
2025-12-31 16:53:32,636 Test: [140/200]	Time 0.030 (0.055)	Loss 0.1031 (0.0910)
2025-12-31 16:53:32,977 Test: [150/200]	Time 0.024 (0.053)	Loss 0.0832 (0.0897)
2025-12-31 16:53:33,281 Test: [160/200]	Time 0.034 (0.052)	Loss 0.1060 (0.0896)
2025-12-31 16:53:33,648 Test: [170/200]	Time 0.040 (0.051)	Loss 0.0808 (0.0889)
2025-12-31 16:53:34,217 Test: [180/200]	Time 0.058 (0.051)	Loss 0.0778 (0.0882)
2025-12-31 16:53:34,745 Test: [190/200]	Time 0.031 (0.051)	Loss 0.0398 (0.0878)
2025-12-31 16:53:36,427 Mean IoU score: 0.797
2025-12-31 16:53:36,432 => saving checkpoint to out
2025-12-31 16:53:41,945 Epoch: [6][0/200]	Time 5.486s (5.486s)	Speed 5.8 samples/s	Data 4.700s (4.700s)	Loss 0.01909 (0.01909)
2025-12-31 16:53:45,423 Epoch: [6][10/200]	Time 0.344s (0.815s)	Speed 93.1 samples/s	Data 0.000s (0.428s)	Loss 0.02217 (0.01822)
2025-12-31 16:53:48,949 Epoch: [6][20/200]	Time 0.296s (0.595s)	Speed 108.0 samples/s	Data 0.003s (0.225s)	Loss 0.01714 (0.01892)
2025-12-31 16:53:52,388 Epoch: [6][30/200]	Time 0.470s (0.514s)	Speed 68.1 samples/s	Data 0.002s (0.153s)	Loss 0.01903 (0.01886)
2025-12-31 16:53:56,219 Epoch: [6][40/200]	Time 0.331s (0.482s)	Speed 96.8 samples/s	Data 0.001s (0.116s)	Loss 0.02202 (0.01874)
2025-12-31 16:54:00,339 Epoch: [6][50/200]	Time 0.407s (0.468s)	Speed 78.6 samples/s	Data 0.002s (0.094s)	Loss 0.01682 (0.01851)
2025-12-31 16:54:04,403 Epoch: [6][60/200]	Time 0.413s (0.458s)	Speed 77.6 samples/s	Data 0.003s (0.079s)	Loss 0.01479 (0.01816)
2025-12-31 16:54:08,894 Epoch: [6][70/200]	Time 0.462s (0.457s)	Speed 69.3 samples/s	Data 0.003s (0.068s)	Loss 0.01647 (0.01780)
2025-12-31 16:54:12,947 Epoch: [6][80/200]	Time 0.402s (0.450s)	Speed 79.7 samples/s	Data 0.001s (0.060s)	Loss 0.01565 (0.01772)
2025-12-31 16:54:16,970 Epoch: [6][90/200]	Time 0.386s (0.445s)	Speed 82.9 samples/s	Data 0.001s (0.053s)	Loss 0.01804 (0.01760)
2025-12-31 16:54:20,956 Epoch: [6][100/200]	Time 0.423s (0.441s)	Speed 75.6 samples/s	Data 0.002s (0.048s)	Loss 0.01643 (0.01753)
2025-12-31 16:54:25,715 Epoch: [6][110/200]	Time 0.471s (0.444s)	Speed 67.9 samples/s	Data 0.003s (0.044s)	Loss 0.01407 (0.01741)
2025-12-31 16:54:29,864 Epoch: [6][120/200]	Time 0.428s (0.441s)	Speed 74.7 samples/s	Data 0.002s (0.041s)	Loss 0.01669 (0.01731)
2025-12-31 16:54:33,838 Epoch: [6][130/200]	Time 0.374s (0.438s)	Speed 85.6 samples/s	Data 0.001s (0.038s)	Loss 0.01183 (0.01714)
2025-12-31 16:54:38,036 Epoch: [6][140/200]	Time 0.438s (0.437s)	Speed 73.1 samples/s	Data 0.002s (0.035s)	Loss 0.01454 (0.01702)
2025-12-31 16:54:42,378 Epoch: [6][150/200]	Time 0.482s (0.437s)	Speed 66.4 samples/s	Data 0.002s (0.033s)	Loss 0.01570 (0.01693)
2025-12-31 16:54:46,816 Epoch: [6][160/200]	Time 0.478s (0.437s)	Speed 67.0 samples/s	Data 0.003s (0.031s)	Loss 0.01862 (0.01689)
2025-12-31 16:54:51,844 Epoch: [6][170/200]	Time 0.479s (0.441s)	Speed 66.7 samples/s	Data 0.002s (0.029s)	Loss 0.01545 (0.01678)
2025-12-31 16:54:56,231 Epoch: [6][180/200]	Time 0.413s (0.441s)	Speed 77.5 samples/s	Data 0.002s (0.028s)	Loss 0.01136 (0.01676)
2025-12-31 16:55:00,531 Epoch: [6][190/200]	Time 0.460s (0.440s)	Speed 69.6 samples/s	Data 0.001s (0.026s)	Loss 0.01532 (0.01669)
2025-12-31 16:55:06,979 Test: [0/200]	Time 2.357 (2.357)	Loss 0.0748 (0.0748)
2025-12-31 16:55:07,321 Test: [10/200]	Time 0.030 (0.245)	Loss 0.0111 (0.0544)
2025-12-31 16:55:07,668 Test: [20/200]	Time 0.030 (0.145)	Loss 0.0327 (0.0597)
2025-12-31 16:55:08,065 Test: [30/200]	Time 0.031 (0.111)	Loss 0.0757 (0.0624)
2025-12-31 16:55:08,401 Test: [40/200]	Time 0.027 (0.092)	Loss 0.0524 (0.0634)
2025-12-31 16:55:08,754 Test: [50/200]	Time 0.026 (0.081)	Loss 0.0840 (0.0630)
2025-12-31 16:55:09,138 Test: [60/200]	Time 0.038 (0.074)	Loss 0.0713 (0.0649)
2025-12-31 16:55:09,543 Test: [70/200]	Time 0.032 (0.069)	Loss 0.0439 (0.0643)
2025-12-31 16:55:09,882 Test: [80/200]	Time 0.037 (0.065)	Loss 0.0646 (0.0630)
2025-12-31 16:55:10,283 Test: [90/200]	Time 0.041 (0.062)	Loss 0.0792 (0.0649)
2025-12-31 16:55:10,627 Test: [100/200]	Time 0.033 (0.059)	Loss 0.0790 (0.0644)
2025-12-31 16:55:10,991 Test: [110/200]	Time 0.032 (0.057)	Loss 0.1410 (0.0653)
2025-12-31 16:55:11,331 Test: [120/200]	Time 0.034 (0.055)	Loss 0.0664 (0.0644)
2025-12-31 16:55:11,725 Test: [130/200]	Time 0.041 (0.054)	Loss 0.0469 (0.0645)
2025-12-31 16:55:12,092 Test: [140/200]	Time 0.026 (0.053)	Loss 0.0657 (0.0639)
2025-12-31 16:55:12,463 Test: [150/200]	Time 0.035 (0.052)	Loss 0.0566 (0.0632)
2025-12-31 16:55:12,835 Test: [160/200]	Time 0.033 (0.051)	Loss 0.0781 (0.0633)
2025-12-31 16:55:13,270 Test: [170/200]	Time 0.033 (0.051)	Loss 0.0515 (0.0628)
2025-12-31 16:55:13,639 Test: [180/200]	Time 0.030 (0.050)	Loss 0.0532 (0.0625)
2025-12-31 16:55:14,013 Test: [190/200]	Time 0.031 (0.049)	Loss 0.0337 (0.0623)
2025-12-31 16:55:16,713 Mean IoU score: 0.852
2025-12-31 16:55:16,718 => saving checkpoint to out
2025-12-31 16:55:21,217 Epoch: [7][0/200]	Time 4.452s (4.452s)	Speed 7.2 samples/s	Data 3.905s (3.905s)	Loss 0.01396 (0.01396)
2025-12-31 16:55:25,770 Epoch: [7][10/200]	Time 0.487s (0.819s)	Speed 65.8 samples/s	Data 0.000s (0.357s)	Loss 0.01314 (0.01466)
2025-12-31 16:55:29,717 Epoch: [7][20/200]	Time 0.369s (0.617s)	Speed 86.6 samples/s	Data 0.001s (0.188s)	Loss 0.01691 (0.01474)
2025-12-31 16:55:34,114 Epoch: [7][30/200]	Time 0.434s (0.560s)	Speed 73.8 samples/s	Data 0.002s (0.128s)	Loss 0.01512 (0.01433)
2025-12-31 16:55:38,578 Epoch: [7][40/200]	Time 0.400s (0.532s)	Speed 80.0 samples/s	Data 0.000s (0.097s)	Loss 0.01083 (0.01422)
2025-12-31 16:55:42,798 Epoch: [7][50/200]	Time 0.448s (0.510s)	Speed 71.5 samples/s	Data 0.003s (0.079s)	Loss 0.01338 (0.01403)
2025-12-31 16:55:47,525 Epoch: [7][60/200]	Time 0.481s (0.504s)	Speed 66.5 samples/s	Data 0.000s (0.067s)	Loss 0.01351 (0.01400)
2025-12-31 16:55:51,754 Epoch: [7][70/200]	Time 0.391s (0.493s)	Speed 81.9 samples/s	Data 0.000s (0.057s)	Loss 0.01143 (0.01382)
2025-12-31 16:55:56,015 Epoch: [7][80/200]	Time 0.459s (0.485s)	Speed 69.7 samples/s	Data 0.000s (0.051s)	Loss 0.01125 (0.01380)
2025-12-31 16:55:59,857 Epoch: [7][90/200]	Time 0.375s (0.474s)	Speed 85.4 samples/s	Data 0.000s (0.045s)	Loss 0.01599 (0.01365)
2025-12-31 16:56:03,613 Epoch: [7][100/200]	Time 0.372s (0.464s)	Speed 86.1 samples/s	Data 0.000s (0.041s)	Loss 0.01562 (0.01370)
2025-12-31 16:56:07,334 Epoch: [7][110/200]	Time 0.357s (0.456s)	Speed 89.6 samples/s	Data 0.000s (0.038s)	Loss 0.01002 (0.01364)
2025-12-31 16:56:10,845 Epoch: [7][120/200]	Time 0.356s (0.447s)	Speed 89.8 samples/s	Data 0.002s (0.035s)	Loss 0.01246 (0.01368)
2025-12-31 16:56:14,298 Epoch: [7][130/200]	Time 0.334s (0.439s)	Speed 95.9 samples/s	Data 0.000s (0.032s)	Loss 0.01165 (0.01365)
2025-12-31 16:56:17,888 Epoch: [7][140/200]	Time 0.394s (0.433s)	Speed 81.3 samples/s	Data 0.000s (0.030s)	Loss 0.01619 (0.01357)
2025-12-31 16:56:21,321 Epoch: [7][150/200]	Time 0.335s (0.428s)	Speed 95.6 samples/s	Data 0.000s (0.028s)	Loss 0.01124 (0.01349)
2025-12-31 16:56:25,034 Epoch: [7][160/200]	Time 0.427s (0.424s)	Speed 74.9 samples/s	Data 0.001s (0.026s)	Loss 0.01459 (0.01343)
2025-12-31 16:56:28,699 Epoch: [7][170/200]	Time 0.444s (0.421s)	Speed 72.1 samples/s	Data 0.000s (0.025s)	Loss 0.01404 (0.01343)
2025-12-31 16:56:32,297 Epoch: [7][180/200]	Time 0.303s (0.417s)	Speed 105.5 samples/s	Data 0.000s (0.024s)	Loss 0.01132 (0.01340)
2025-12-31 16:56:35,961 Epoch: [7][190/200]	Time 0.395s (0.415s)	Speed 80.9 samples/s	Data 0.000s (0.023s)	Loss 0.01209 (0.01343)
2025-12-31 16:56:42,220 Test: [0/200]	Time 2.467 (2.467)	Loss 0.0799 (0.0799)
2025-12-31 16:56:42,543 Test: [10/200]	Time 0.031 (0.254)	Loss 0.0091 (0.0522)
2025-12-31 16:56:42,846 Test: [20/200]	Time 0.024 (0.147)	Loss 0.0310 (0.0589)
2025-12-31 16:56:43,164 Test: [30/200]	Time 0.032 (0.110)	Loss 0.0897 (0.0620)
2025-12-31 16:56:43,427 Test: [40/200]	Time 0.015 (0.090)	Loss 0.0461 (0.0633)
2025-12-31 16:56:43,782 Test: [50/200]	Time 0.029 (0.079)	Loss 0.0940 (0.0629)
2025-12-31 16:56:44,091 Test: [60/200]	Time 0.019 (0.071)	Loss 0.0866 (0.0655)
2025-12-31 16:56:44,529 Test: [70/200]	Time 0.043 (0.067)	Loss 0.0492 (0.0651)
2025-12-31 16:56:44,878 Test: [80/200]	Time 0.043 (0.063)	Loss 0.0643 (0.0634)
2025-12-31 16:56:45,283 Test: [90/200]	Time 0.040 (0.061)	Loss 0.0807 (0.0649)
2025-12-31 16:56:45,668 Test: [100/200]	Time 0.049 (0.059)	Loss 0.1038 (0.0647)
2025-12-31 16:56:46,015 Test: [110/200]	Time 0.032 (0.056)	Loss 0.1420 (0.0652)
2025-12-31 16:56:46,359 Test: [120/200]	Time 0.041 (0.055)	Loss 0.0731 (0.0640)
2025-12-31 16:56:46,724 Test: [130/200]	Time 0.042 (0.053)	Loss 0.0487 (0.0638)
2025-12-31 16:56:47,064 Test: [140/200]	Time 0.046 (0.052)	Loss 0.0568 (0.0633)
2025-12-31 16:56:47,364 Test: [150/200]	Time 0.032 (0.050)	Loss 0.0537 (0.0623)
2025-12-31 16:56:47,663 Test: [160/200]	Time 0.016 (0.049)	Loss 0.0786 (0.0621)
2025-12-31 16:56:48,017 Test: [170/200]	Time 0.038 (0.048)	Loss 0.0567 (0.0616)
2025-12-31 16:56:48,329 Test: [180/200]	Time 0.028 (0.047)	Loss 0.0441 (0.0614)
2025-12-31 16:56:48,673 Test: [190/200]	Time 0.027 (0.047)	Loss 0.0298 (0.0612)
2025-12-31 16:56:50,830 Mean IoU score: 0.852
2025-12-31 16:56:50,830 => saving checkpoint to out
2025-12-31 16:56:55,487 Epoch: [8][0/200]	Time 4.609s (4.609s)	Speed 6.9 samples/s	Data 4.087s (4.087s)	Loss 0.01204 (0.01204)
2025-12-31 16:57:00,252 Epoch: [8][10/200]	Time 0.453s (0.852s)	Speed 70.6 samples/s	Data 0.002s (0.374s)	Loss 0.01032 (0.01186)
2025-12-31 16:57:04,076 Epoch: [8][20/200]	Time 0.423s (0.628s)	Speed 75.6 samples/s	Data 0.002s (0.197s)	Loss 0.01185 (0.01220)
2025-12-31 16:57:07,707 Epoch: [8][30/200]	Time 0.355s (0.543s)	Speed 90.2 samples/s	Data 0.002s (0.134s)	Loss 0.01118 (0.01210)
2025-12-31 16:57:11,379 Epoch: [8][40/200]	Time 0.403s (0.500s)	Speed 79.3 samples/s	Data 0.001s (0.102s)	Loss 0.00908 (0.01194)
2025-12-31 16:57:15,198 Epoch: [8][50/200]	Time 0.442s (0.477s)	Speed 72.3 samples/s	Data 0.003s (0.082s)	Loss 0.01224 (0.01207)
2025-12-31 16:57:19,237 Epoch: [8][60/200]	Time 0.384s (0.465s)	Speed 83.4 samples/s	Data 0.002s (0.069s)	Loss 0.01375 (0.01201)
2025-12-31 16:57:22,591 Epoch: [8][70/200]	Time 0.304s (0.447s)	Speed 105.2 samples/s	Data 0.001s (0.060s)	Loss 0.01159 (0.01190)
2025-12-31 16:57:26,028 Epoch: [8][80/200]	Time 0.320s (0.434s)	Speed 99.9 samples/s	Data 0.002s (0.052s)	Loss 0.00886 (0.01184)
2025-12-31 16:57:29,470 Epoch: [8][90/200]	Time 0.328s (0.424s)	Speed 97.6 samples/s	Data 0.002s (0.047s)	Loss 0.00894 (0.01168)
2025-12-31 16:57:32,866 Epoch: [8][100/200]	Time 0.326s (0.416s)	Speed 98.1 samples/s	Data 0.001s (0.042s)	Loss 0.01108 (0.01169)
2025-12-31 16:57:36,161 Epoch: [8][110/200]	Time 0.311s (0.408s)	Speed 102.8 samples/s	Data 0.001s (0.039s)	Loss 0.01329 (0.01168)
2025-12-31 16:57:39,590 Epoch: [8][120/200]	Time 0.388s (0.403s)	Speed 82.6 samples/s	Data 0.002s (0.036s)	Loss 0.01207 (0.01176)
2025-12-31 16:57:42,880 Epoch: [8][130/200]	Time 0.297s (0.397s)	Speed 107.8 samples/s	Data 0.002s (0.033s)	Loss 0.00862 (0.01174)
2025-12-31 16:57:46,712 Epoch: [8][140/200]	Time 0.391s (0.396s)	Speed 81.9 samples/s	Data 0.002s (0.031s)	Loss 0.01365 (0.01176)
2025-12-31 16:57:50,009 Epoch: [8][150/200]	Time 0.304s (0.392s)	Speed 105.3 samples/s	Data 0.002s (0.029s)	Loss 0.00975 (0.01171)
2025-12-31 16:57:53,084 Epoch: [8][160/200]	Time 0.293s (0.386s)	Speed 109.4 samples/s	Data 0.001s (0.027s)	Loss 0.01198 (0.01172)
2025-12-31 16:57:56,228 Epoch: [8][170/200]	Time 0.310s (0.382s)	Speed 103.3 samples/s	Data 0.001s (0.026s)	Loss 0.01097 (0.01173)
2025-12-31 16:57:59,644 Epoch: [8][180/200]	Time 0.335s (0.380s)	Speed 95.6 samples/s	Data 0.001s (0.024s)	Loss 0.01355 (0.01172)
2025-12-31 16:58:02,694 Epoch: [8][190/200]	Time 0.303s (0.376s)	Speed 105.5 samples/s	Data 0.002s (0.023s)	Loss 0.01229 (0.01167)
2025-12-31 16:58:08,492 Test: [0/200]	Time 2.438 (2.438)	Loss 0.0753 (0.0753)
2025-12-31 16:58:08,734 Test: [10/200]	Time 0.027 (0.244)	Loss 0.0099 (0.0510)
2025-12-31 16:58:08,994 Test: [20/200]	Time 0.025 (0.140)	Loss 0.0282 (0.0558)
2025-12-31 16:58:09,275 Test: [30/200]	Time 0.028 (0.104)	Loss 0.0699 (0.0584)
2025-12-31 16:58:09,565 Test: [40/200]	Time 0.028 (0.086)	Loss 0.0508 (0.0596)
2025-12-31 16:58:09,838 Test: [50/200]	Time 0.026 (0.074)	Loss 0.0965 (0.0596)
2025-12-31 16:58:10,125 Test: [60/200]	Time 0.029 (0.067)	Loss 0.0788 (0.0620)
2025-12-31 16:58:10,423 Test: [70/200]	Time 0.026 (0.062)	Loss 0.0432 (0.0619)
2025-12-31 16:58:10,708 Test: [80/200]	Time 0.030 (0.057)	Loss 0.0645 (0.0605)
2025-12-31 16:58:10,982 Test: [90/200]	Time 0.029 (0.054)	Loss 0.0899 (0.0624)
2025-12-31 16:58:11,255 Test: [100/200]	Time 0.031 (0.051)	Loss 0.0896 (0.0620)
2025-12-31 16:58:11,539 Test: [110/200]	Time 0.023 (0.049)	Loss 0.1468 (0.0627)
2025-12-31 16:58:11,821 Test: [120/200]	Time 0.027 (0.048)	Loss 0.0624 (0.0614)
2025-12-31 16:58:12,112 Test: [130/200]	Time 0.029 (0.046)	Loss 0.0539 (0.0617)
2025-12-31 16:58:12,389 Test: [140/200]	Time 0.026 (0.045)	Loss 0.0601 (0.0611)
2025-12-31 16:58:12,733 Test: [150/200]	Time 0.038 (0.044)	Loss 0.0507 (0.0603)
2025-12-31 16:58:13,029 Test: [160/200]	Time 0.031 (0.043)	Loss 0.0752 (0.0603)
2025-12-31 16:58:13,318 Test: [170/200]	Time 0.028 (0.042)	Loss 0.0488 (0.0599)
2025-12-31 16:58:13,591 Test: [180/200]	Time 0.028 (0.042)	Loss 0.0461 (0.0596)
2025-12-31 16:58:13,869 Test: [190/200]	Time 0.027 (0.041)	Loss 0.0281 (0.0592)
2025-12-31 16:58:15,390 Mean IoU score: 0.858
2025-12-31 16:58:15,395 => saving checkpoint to out
2025-12-31 16:58:19,895 Epoch: [9][0/200]	Time 4.478s (4.478s)	Speed 7.1 samples/s	Data 4.119s (4.119s)	Loss 0.01124 (0.01124)
2025-12-31 16:58:22,962 Epoch: [9][10/200]	Time 0.305s (0.686s)	Speed 104.8 samples/s	Data 0.001s (0.376s)	Loss 0.01013 (0.01089)
2025-12-31 16:58:26,093 Epoch: [9][20/200]	Time 0.305s (0.508s)	Speed 105.0 samples/s	Data 0.001s (0.197s)	Loss 0.01560 (0.01118)
2025-12-31 16:58:29,219 Epoch: [9][30/200]	Time 0.309s (0.445s)	Speed 103.6 samples/s	Data 0.002s (0.134s)	Loss 0.00995 (0.01119)
2025-12-31 16:58:32,430 Epoch: [9][40/200]	Time 0.297s (0.415s)	Speed 107.8 samples/s	Data 0.001s (0.102s)	Loss 0.01124 (0.01125)
2025-12-31 16:58:35,532 Epoch: [9][50/200]	Time 0.330s (0.394s)	Speed 97.0 samples/s	Data 0.001s (0.082s)	Loss 0.00740 (0.01108)
2025-12-31 16:58:38,649 Epoch: [9][60/200]	Time 0.317s (0.381s)	Speed 100.8 samples/s	Data 0.001s (0.069s)	Loss 0.01135 (0.01092)
2025-12-31 16:58:41,733 Epoch: [9][70/200]	Time 0.283s (0.371s)	Speed 113.1 samples/s	Data 0.001s (0.059s)	Loss 0.01008 (0.01093)
2025-12-31 16:58:44,856 Epoch: [9][80/200]	Time 0.307s (0.363s)	Speed 104.1 samples/s	Data 0.001s (0.052s)	Loss 0.00836 (0.01096)
2025-12-31 16:58:47,961 Epoch: [9][90/200]	Time 0.316s (0.358s)	Speed 101.4 samples/s	Data 0.001s (0.047s)	Loss 0.01139 (0.01087)
2025-12-31 16:58:51,076 Epoch: [9][100/200]	Time 0.319s (0.353s)	Speed 100.3 samples/s	Data 0.002s (0.042s)	Loss 0.01584 (0.01091)
2025-12-31 16:58:54,176 Epoch: [9][110/200]	Time 0.304s (0.349s)	Speed 105.2 samples/s	Data 0.001s (0.038s)	Loss 0.01198 (0.01088)
2025-12-31 16:58:57,258 Epoch: [9][120/200]	Time 0.301s (0.346s)	Speed 106.5 samples/s	Data 0.001s (0.035s)	Loss 0.00969 (0.01081)
2025-12-31 16:59:00,433 Epoch: [9][130/200]	Time 0.320s (0.344s)	Speed 99.9 samples/s	Data 0.002s (0.033s)	Loss 0.00777 (0.01084)
2025-12-31 16:59:03,506 Epoch: [9][140/200]	Time 0.314s (0.341s)	Speed 101.9 samples/s	Data 0.001s (0.031s)	Loss 0.01124 (0.01082)
2025-12-31 16:59:06,530 Epoch: [9][150/200]	Time 0.311s (0.338s)	Speed 102.8 samples/s	Data 0.001s (0.029s)	Loss 0.00878 (0.01080)
2025-12-31 16:59:09,608 Epoch: [9][160/200]	Time 0.305s (0.337s)	Speed 105.0 samples/s	Data 0.001s (0.027s)	Loss 0.01180 (0.01078)
2025-12-31 16:59:12,647 Epoch: [9][170/200]	Time 0.298s (0.335s)	Speed 107.5 samples/s	Data 0.001s (0.025s)	Loss 0.01074 (0.01073)
2025-12-31 16:59:15,748 Epoch: [9][180/200]	Time 0.310s (0.333s)	Speed 103.2 samples/s	Data 0.001s (0.024s)	Loss 0.01022 (0.01071)
2025-12-31 16:59:18,848 Epoch: [9][190/200]	Time 0.314s (0.332s)	Speed 101.9 samples/s	Data 0.001s (0.023s)	Loss 0.00778 (0.01068)
2025-12-31 16:59:24,579 Test: [0/200]	Time 2.434 (2.434)	Loss 0.0715 (0.0715)
2025-12-31 16:59:24,831 Test: [10/200]	Time 0.027 (0.244)	Loss 0.0212 (0.0511)
2025-12-31 16:59:25,111 Test: [20/200]	Time 0.028 (0.141)	Loss 0.0302 (0.0566)
2025-12-31 16:59:25,386 Test: [30/200]	Time 0.028 (0.105)	Loss 0.0653 (0.0612)
2025-12-31 16:59:25,659 Test: [40/200]	Time 0.029 (0.086)	Loss 0.0491 (0.0622)
2025-12-31 16:59:25,946 Test: [50/200]	Time 0.027 (0.075)	Loss 0.0939 (0.0613)
2025-12-31 16:59:26,217 Test: [60/200]	Time 0.021 (0.067)	Loss 0.0832 (0.0634)
2025-12-31 16:59:26,501 Test: [70/200]	Time 0.028 (0.061)	Loss 0.0422 (0.0636)
2025-12-31 16:59:26,783 Test: [80/200]	Time 0.027 (0.057)	Loss 0.0623 (0.0620)
2025-12-31 16:59:27,096 Test: [90/200]	Time 0.033 (0.054)	Loss 0.0829 (0.0642)
2025-12-31 16:59:27,414 Test: [100/200]	Time 0.026 (0.052)	Loss 0.0951 (0.0638)
2025-12-31 16:59:27,706 Test: [110/200]	Time 0.028 (0.050)	Loss 0.1480 (0.0649)
2025-12-31 16:59:27,987 Test: [120/200]	Time 0.027 (0.048)	Loss 0.0543 (0.0634)
2025-12-31 16:59:28,282 Test: [130/200]	Time 0.029 (0.047)	Loss 0.0497 (0.0633)
2025-12-31 16:59:28,552 Test: [140/200]	Time 0.029 (0.045)	Loss 0.0777 (0.0631)
2025-12-31 16:59:28,842 Test: [150/200]	Time 0.029 (0.044)	Loss 0.0581 (0.0624)
2025-12-31 16:59:29,121 Test: [160/200]	Time 0.022 (0.043)	Loss 0.0742 (0.0623)
2025-12-31 16:59:29,429 Test: [170/200]	Time 0.028 (0.043)	Loss 0.0480 (0.0618)
2025-12-31 16:59:29,722 Test: [180/200]	Time 0.028 (0.042)	Loss 0.0454 (0.0615)
2025-12-31 16:59:30,006 Test: [190/200]	Time 0.025 (0.041)	Loss 0.0282 (0.0612)
2025-12-31 16:59:31,553 Mean IoU score: 0.854
2025-12-31 16:59:31,558 => saving checkpoint to out
2025-12-31 16:59:35,954 Epoch: [10][0/200]	Time 4.377s (4.377s)	Speed 7.3 samples/s	Data 4.026s (4.026s)	Loss 0.00786 (0.00786)
2025-12-31 16:59:39,067 Epoch: [10][10/200]	Time 0.315s (0.681s)	Speed 101.5 samples/s	Data 0.001s (0.367s)	Loss 0.00839 (0.00940)
2025-12-31 16:59:42,094 Epoch: [10][20/200]	Time 0.288s (0.501s)	Speed 111.0 samples/s	Data 0.001s (0.193s)	Loss 0.00954 (0.00911)
2025-12-31 16:59:45,178 Epoch: [10][30/200]	Time 0.328s (0.439s)	Speed 97.5 samples/s	Data 0.002s (0.131s)	Loss 0.01041 (0.00940)
2025-12-31 16:59:48,236 Epoch: [10][40/200]	Time 0.309s (0.406s)	Speed 103.4 samples/s	Data 0.002s (0.100s)	Loss 0.00801 (0.00971)
2025-12-31 16:59:51,336 Epoch: [10][50/200]	Time 0.299s (0.387s)	Speed 107.1 samples/s	Data 0.002s (0.080s)	Loss 0.01288 (0.00977)
2025-12-31 16:59:54,443 Epoch: [10][60/200]	Time 0.314s (0.375s)	Speed 101.9 samples/s	Data 0.001s (0.067s)	Loss 0.01323 (0.00982)
2025-12-31 16:59:57,570 Epoch: [10][70/200]	Time 0.301s (0.366s)	Speed 106.4 samples/s	Data 0.001s (0.058s)	Loss 0.00834 (0.00983)
2025-12-31 17:00:00,716 Epoch: [10][80/200]	Time 0.313s (0.360s)	Speed 102.3 samples/s	Data 0.001s (0.051s)	Loss 0.01048 (0.00982)
2025-12-31 17:00:03,815 Epoch: [10][90/200]	Time 0.305s (0.354s)	Speed 105.1 samples/s	Data 0.002s (0.046s)	Loss 0.00817 (0.00981)
2025-12-31 17:00:06,966 Epoch: [10][100/200]	Time 0.290s (0.350s)	Speed 110.3 samples/s	Data 0.001s (0.041s)	Loss 0.00950 (0.00988)
2025-12-31 17:00:10,116 Epoch: [10][110/200]	Time 0.334s (0.347s)	Speed 95.8 samples/s	Data 0.002s (0.038s)	Loss 0.00860 (0.00986)
2025-12-31 17:00:13,243 Epoch: [10][120/200]	Time 0.309s (0.344s)	Speed 103.6 samples/s	Data 0.002s (0.035s)	Loss 0.01089 (0.00995)
2025-12-31 17:00:16,410 Epoch: [10][130/200]	Time 0.330s (0.342s)	Speed 97.1 samples/s	Data 0.002s (0.032s)	Loss 0.01030 (0.00998)
2025-12-31 17:00:19,652 Epoch: [10][140/200]	Time 0.305s (0.341s)	Speed 104.8 samples/s	Data 0.001s (0.030s)	Loss 0.00961 (0.01001)
2025-12-31 17:00:22,809 Epoch: [10][150/200]	Time 0.282s (0.339s)	Speed 113.5 samples/s	Data 0.001s (0.028s)	Loss 0.00969 (0.01000)
2025-12-31 17:00:26,017 Epoch: [10][160/200]	Time 0.326s (0.338s)	Speed 98.2 samples/s	Data 0.001s (0.026s)	Loss 0.00864 (0.01000)
2025-12-31 17:00:29,090 Epoch: [10][170/200]	Time 0.298s (0.336s)	Speed 107.4 samples/s	Data 0.001s (0.025s)	Loss 0.01166 (0.01002)
2025-12-31 17:00:32,312 Epoch: [10][180/200]	Time 0.300s (0.336s)	Speed 106.7 samples/s	Data 0.002s (0.024s)	Loss 0.00971 (0.00999)
2025-12-31 17:00:35,455 Epoch: [10][190/200]	Time 0.299s (0.334s)	Speed 107.2 samples/s	Data 0.001s (0.023s)	Loss 0.01012 (0.00998)
2025-12-31 17:00:41,229 Test: [0/200]	Time 2.482 (2.482)	Loss 0.0857 (0.0857)
2025-12-31 17:00:41,488 Test: [10/200]	Time 0.028 (0.249)	Loss 0.0082 (0.0535)
2025-12-31 17:00:41,767 Test: [20/200]	Time 0.029 (0.144)	Loss 0.0279 (0.0587)
2025-12-31 17:00:42,055 Test: [30/200]	Time 0.027 (0.107)	Loss 0.0728 (0.0601)
2025-12-31 17:00:42,340 Test: [40/200]	Time 0.028 (0.088)	Loss 0.0429 (0.0601)
2025-12-31 17:00:42,618 Test: [50/200]	Time 0.028 (0.076)	Loss 0.0710 (0.0599)
2025-12-31 17:00:42,889 Test: [60/200]	Time 0.024 (0.068)	Loss 0.0947 (0.0625)
2025-12-31 17:00:43,172 Test: [70/200]	Time 0.027 (0.062)	Loss 0.0448 (0.0618)
2025-12-31 17:00:43,452 Test: [80/200]	Time 0.026 (0.058)	Loss 0.0646 (0.0602)
2025-12-31 17:00:43,761 Test: [90/200]	Time 0.030 (0.055)	Loss 0.0873 (0.0622)
2025-12-31 17:00:44,068 Test: [100/200]	Time 0.030 (0.053)	Loss 0.0949 (0.0618)
2025-12-31 17:00:44,349 Test: [110/200]	Time 0.020 (0.050)	Loss 0.1407 (0.0629)
2025-12-31 17:00:44,625 Test: [120/200]	Time 0.028 (0.049)	Loss 0.0582 (0.0614)
2025-12-31 17:00:44,905 Test: [130/200]	Time 0.029 (0.047)	Loss 0.0541 (0.0617)
2025-12-31 17:00:45,180 Test: [140/200]	Time 0.028 (0.046)	Loss 0.0568 (0.0612)
2025-12-31 17:00:45,453 Test: [150/200]	Time 0.022 (0.044)	Loss 0.0611 (0.0605)
2025-12-31 17:00:45,739 Test: [160/200]	Time 0.028 (0.043)	Loss 0.0722 (0.0605)
2025-12-31 17:00:46,053 Test: [170/200]	Time 0.031 (0.043)	Loss 0.0449 (0.0601)
2025-12-31 17:00:46,357 Test: [180/200]	Time 0.034 (0.042)	Loss 0.0445 (0.0599)
2025-12-31 17:00:46,651 Test: [190/200]	Time 0.028 (0.041)	Loss 0.0292 (0.0596)
2025-12-31 17:00:48,055 Mean IoU score: 0.858
2025-12-31 17:00:48,062 => saving checkpoint to out
2025-12-31 17:00:52,496 Epoch: [11][0/200]	Time 4.411s (4.411s)	Speed 7.3 samples/s	Data 4.057s (4.057s)	Loss 0.00762 (0.00762)
2025-12-31 17:00:55,615 Epoch: [11][10/200]	Time 0.302s (0.685s)	Speed 105.8 samples/s	Data 0.001s (0.370s)	Loss 0.00941 (0.00860)
2025-12-31 17:00:58,668 Epoch: [11][20/200]	Time 0.312s (0.504s)	Speed 102.6 samples/s	Data 0.001s (0.194s)	Loss 0.01101 (0.00871)
2025-12-31 17:01:01,768 Epoch: [11][30/200]	Time 0.301s (0.441s)	Speed 106.4 samples/s	Data 0.001s (0.132s)	Loss 0.00863 (0.00879)
2025-12-31 17:01:04,795 Epoch: [11][40/200]	Time 0.323s (0.408s)	Speed 99.0 samples/s	Data 0.002s (0.100s)	Loss 0.01185 (0.00893)
2025-12-31 17:01:07,870 Epoch: [11][50/200]	Time 0.337s (0.388s)	Speed 95.0 samples/s	Data 0.002s (0.081s)	Loss 0.00850 (0.00905)
2025-12-31 17:01:11,276 Epoch: [11][60/200]	Time 0.302s (0.380s)	Speed 106.1 samples/s	Data 0.002s (0.068s)	Loss 0.00991 (0.00912)
2025-12-31 17:01:14,650 Epoch: [11][70/200]	Time 0.331s (0.374s)	Speed 96.7 samples/s	Data 0.001s (0.059s)	Loss 0.00955 (0.00906)
2025-12-31 17:01:18,245 Epoch: [11][80/200]	Time 0.399s (0.372s)	Speed 80.2 samples/s	Data 0.002s (0.052s)	Loss 0.00864 (0.00904)
2025-12-31 17:01:21,611 Epoch: [11][90/200]	Time 0.341s (0.368s)	Speed 93.9 samples/s	Data 0.002s (0.046s)	Loss 0.00897 (0.00905)
2025-12-31 17:01:24,819 Epoch: [11][100/200]	Time 0.330s (0.364s)	Speed 97.0 samples/s	Data 0.001s (0.042s)	Loss 0.00957 (0.00908)
2025-12-31 17:01:28,221 Epoch: [11][110/200]	Time 0.356s (0.362s)	Speed 90.0 samples/s	Data 0.001s (0.038s)	Loss 0.01050 (0.00904)
2025-12-31 17:01:32,036 Epoch: [11][120/200]	Time 0.362s (0.363s)	Speed 88.5 samples/s	Data 0.001s (0.035s)	Loss 0.00765 (0.00906)
2025-12-31 17:01:35,511 Epoch: [11][130/200]	Time 0.338s (0.362s)	Speed 94.6 samples/s	Data 0.001s (0.033s)	Loss 0.00866 (0.00908)
2025-12-31 17:01:38,981 Epoch: [11][140/200]	Time 0.350s (0.361s)	Speed 91.5 samples/s	Data 0.002s (0.030s)	Loss 0.01251 (0.00919)
2025-12-31 17:01:42,413 Epoch: [11][150/200]	Time 0.335s (0.360s)	Speed 95.6 samples/s	Data 0.002s (0.028s)	Loss 0.01118 (0.00919)
2025-12-31 17:01:45,829 Epoch: [11][160/200]	Time 0.337s (0.359s)	Speed 94.9 samples/s	Data 0.001s (0.027s)	Loss 0.01004 (0.00921)
2025-12-31 17:01:49,236 Epoch: [11][170/200]	Time 0.331s (0.358s)	Speed 96.7 samples/s	Data 0.002s (0.025s)	Loss 0.01020 (0.00925)
2025-12-31 17:01:52,689 Epoch: [11][180/200]	Time 0.352s (0.357s)	Speed 91.0 samples/s	Data 0.002s (0.024s)	Loss 0.00787 (0.00925)
2025-12-31 17:01:56,148 Epoch: [11][190/200]	Time 0.337s (0.356s)	Speed 94.9 samples/s	Data 0.002s (0.023s)	Loss 0.00916 (0.00924)
2025-12-31 17:02:02,569 Test: [0/200]	Time 2.776 (2.776)	Loss 0.0829 (0.0829)
2025-12-31 17:02:02,872 Test: [10/200]	Time 0.029 (0.280)	Loss 0.0226 (0.0581)
2025-12-31 17:02:03,186 Test: [20/200]	Time 0.035 (0.161)	Loss 0.0256 (0.0609)
2025-12-31 17:02:03,529 Test: [30/200]	Time 0.033 (0.120)	Loss 0.0715 (0.0636)
2025-12-31 17:02:03,843 Test: [40/200]	Time 0.032 (0.099)	Loss 0.0426 (0.0638)
2025-12-31 17:02:04,160 Test: [50/200]	Time 0.029 (0.086)	Loss 0.0994 (0.0637)
2025-12-31 17:02:04,462 Test: [60/200]	Time 0.026 (0.077)	Loss 0.1151 (0.0665)
2025-12-31 17:02:04,792 Test: [70/200]	Time 0.030 (0.070)	Loss 0.0417 (0.0666)
2025-12-31 17:02:05,112 Test: [80/200]	Time 0.031 (0.066)	Loss 0.0672 (0.0653)
2025-12-31 17:02:05,420 Test: [90/200]	Time 0.035 (0.062)	Loss 0.1033 (0.0675)
2025-12-31 17:02:05,766 Test: [100/200]	Time 0.034 (0.059)	Loss 0.1029 (0.0670)
2025-12-31 17:02:06,069 Test: [110/200]	Time 0.032 (0.057)	Loss 0.1568 (0.0679)
2025-12-31 17:02:06,374 Test: [120/200]	Time 0.021 (0.054)	Loss 0.0692 (0.0664)
2025-12-31 17:02:06,692 Test: [130/200]	Time 0.033 (0.053)	Loss 0.0421 (0.0666)
2025-12-31 17:02:06,994 Test: [140/200]	Time 0.029 (0.051)	Loss 0.0623 (0.0662)
2025-12-31 17:02:07,303 Test: [150/200]	Time 0.024 (0.050)	Loss 0.0873 (0.0653)
2025-12-31 17:02:07,627 Test: [160/200]	Time 0.034 (0.049)	Loss 0.0653 (0.0652)
2025-12-31 17:02:08,014 Test: [170/200]	Time 0.033 (0.048)	Loss 0.0405 (0.0645)
2025-12-31 17:02:08,349 Test: [180/200]	Time 0.031 (0.047)	Loss 0.0449 (0.0642)
2025-12-31 17:02:08,672 Test: [190/200]	Time 0.032 (0.046)	Loss 0.0235 (0.0640)
2025-12-31 17:02:10,367 Mean IoU score: 0.851
2025-12-31 17:02:10,375 => saving checkpoint to out
2025-12-31 17:02:15,500 Epoch: [12][0/200]	Time 5.109s (5.109s)	Speed 6.3 samples/s	Data 4.775s (4.775s)	Loss 0.01035 (0.01035)
2025-12-31 17:02:18,730 Epoch: [12][10/200]	Time 0.349s (0.758s)	Speed 91.8 samples/s	Data 0.001s (0.435s)	Loss 0.00992 (0.00987)
2025-12-31 17:02:22,147 Epoch: [12][20/200]	Time 0.312s (0.560s)	Speed 102.5 samples/s	Data 0.001s (0.229s)	Loss 0.01075 (0.00922)
2025-12-31 17:02:25,207 Epoch: [12][30/200]	Time 0.299s (0.478s)	Speed 107.1 samples/s	Data 0.001s (0.155s)	Loss 0.01018 (0.00913)
2025-12-31 17:02:28,230 Epoch: [12][40/200]	Time 0.308s (0.435s)	Speed 104.0 samples/s	Data 0.002s (0.118s)	Loss 0.00881 (0.00902)
2025-12-31 17:02:31,338 Epoch: [12][50/200]	Time 0.319s (0.411s)	Speed 100.3 samples/s	Data 0.002s (0.095s)	Loss 0.00857 (0.00893)
2025-12-31 17:02:34,514 Epoch: [12][60/200]	Time 0.303s (0.395s)	Speed 105.6 samples/s	Data 0.002s (0.080s)	Loss 0.00692 (0.00887)
2025-12-31 17:02:37,582 Epoch: [12][70/200]	Time 0.302s (0.383s)	Speed 106.1 samples/s	Data 0.001s (0.069s)	Loss 0.00962 (0.00883)
2025-12-31 17:02:40,652 Epoch: [12][80/200]	Time 0.300s (0.374s)	Speed 106.7 samples/s	Data 0.001s (0.060s)	Loss 0.00938 (0.00886)
2025-12-31 17:02:43,742 Epoch: [12][90/200]	Time 0.308s (0.366s)	Speed 103.8 samples/s	Data 0.001s (0.054s)	Loss 0.00678 (0.00885)
2025-12-31 17:02:46,849 Epoch: [12][100/200]	Time 0.313s (0.361s)	Speed 102.3 samples/s	Data 0.001s (0.049s)	Loss 0.00866 (0.00880)
2025-12-31 17:02:49,932 Epoch: [12][110/200]	Time 0.329s (0.356s)	Speed 97.3 samples/s	Data 0.001s (0.045s)	Loss 0.00788 (0.00889)
2025-12-31 17:02:53,014 Epoch: [12][120/200]	Time 0.304s (0.352s)	Speed 105.2 samples/s	Data 0.001s (0.041s)	Loss 0.00927 (0.00893)
2025-12-31 17:02:56,108 Epoch: [12][130/200]	Time 0.298s (0.349s)	Speed 107.4 samples/s	Data 0.001s (0.038s)	Loss 0.00953 (0.00899)
2025-12-31 17:02:59,100 Epoch: [12][140/200]	Time 0.286s (0.345s)	Speed 111.7 samples/s	Data 0.001s (0.035s)	Loss 0.00966 (0.00904)
2025-12-31 17:03:02,154 Epoch: [12][150/200]	Time 0.323s (0.343s)	Speed 99.2 samples/s	Data 0.002s (0.033s)	Loss 0.01026 (0.00914)
2025-12-31 17:03:05,232 Epoch: [12][160/200]	Time 0.308s (0.341s)	Speed 103.8 samples/s	Data 0.001s (0.031s)	Loss 0.01142 (0.00920)
2025-12-31 17:03:08,273 Epoch: [12][170/200]	Time 0.294s (0.338s)	Speed 109.0 samples/s	Data 0.002s (0.029s)	Loss 0.00850 (0.00926)
2025-12-31 17:03:11,391 Epoch: [12][180/200]	Time 0.317s (0.337s)	Speed 100.8 samples/s	Data 0.001s (0.028s)	Loss 0.00785 (0.00930)
2025-12-31 17:03:14,433 Epoch: [12][190/200]	Time 0.296s (0.335s)	Speed 108.0 samples/s	Data 0.002s (0.026s)	Loss 0.00845 (0.00932)
2025-12-31 17:03:20,189 Test: [0/200]	Time 2.473 (2.473)	Loss 0.0885 (0.0885)
2025-12-31 17:03:20,424 Test: [10/200]	Time 0.025 (0.246)	Loss 0.0110 (0.0647)
2025-12-31 17:03:20,691 Test: [20/200]	Time 0.019 (0.142)	Loss 0.0403 (0.0742)
2025-12-31 17:03:20,975 Test: [30/200]	Time 0.028 (0.105)	Loss 0.0860 (0.0811)
2025-12-31 17:03:21,249 Test: [40/200]	Time 0.027 (0.086)	Loss 0.0493 (0.0806)
2025-12-31 17:03:21,535 Test: [50/200]	Time 0.028 (0.075)	Loss 0.1332 (0.0798)
2025-12-31 17:03:21,819 Test: [60/200]	Time 0.029 (0.067)	Loss 0.0992 (0.0818)
2025-12-31 17:03:22,104 Test: [70/200]	Time 0.029 (0.062)	Loss 0.0636 (0.0814)
2025-12-31 17:03:22,421 Test: [80/200]	Time 0.031 (0.058)	Loss 0.0760 (0.0794)
2025-12-31 17:03:22,705 Test: [90/200]	Time 0.027 (0.055)	Loss 0.1037 (0.0815)
2025-12-31 17:03:22,996 Test: [100/200]	Time 0.028 (0.052)	Loss 0.0985 (0.0812)
2025-12-31 17:03:23,273 Test: [110/200]	Time 0.027 (0.050)	Loss 0.1531 (0.0821)
2025-12-31 17:03:23,555 Test: [120/200]	Time 0.029 (0.048)	Loss 0.1087 (0.0807)
2025-12-31 17:03:23,829 Test: [130/200]	Time 0.027 (0.047)	Loss 0.0656 (0.0809)
2025-12-31 17:03:24,124 Test: [140/200]	Time 0.031 (0.045)	Loss 0.0906 (0.0804)
2025-12-31 17:03:24,407 Test: [150/200]	Time 0.029 (0.044)	Loss 0.0625 (0.0794)
2025-12-31 17:03:24,724 Test: [160/200]	Time 0.028 (0.044)	Loss 0.0852 (0.0792)
2025-12-31 17:03:25,019 Test: [170/200]	Time 0.028 (0.043)	Loss 0.1018 (0.0787)
2025-12-31 17:03:25,306 Test: [180/200]	Time 0.028 (0.042)	Loss 0.0545 (0.0777)
2025-12-31 17:03:25,587 Test: [190/200]	Time 0.024 (0.041)	Loss 0.0299 (0.0771)
2025-12-31 17:03:27,044 Mean IoU score: 0.824
2025-12-31 17:03:27,050 => saving checkpoint to out
2025-12-31 17:03:31,500 Epoch: [13][0/200]	Time 4.434s (4.434s)	Speed 7.2 samples/s	Data 3.949s (3.949s)	Loss 0.00720 (0.00720)
2025-12-31 17:03:34,702 Epoch: [13][10/200]	Time 0.311s (0.694s)	Speed 103.0 samples/s	Data 0.002s (0.360s)	Loss 0.00798 (0.00999)
2025-12-31 17:03:37,801 Epoch: [13][20/200]	Time 0.304s (0.511s)	Speed 105.3 samples/s	Data 0.001s (0.189s)	Loss 0.00770 (0.00968)
2025-12-31 17:03:40,881 Epoch: [13][30/200]	Time 0.306s (0.446s)	Speed 104.7 samples/s	Data 0.001s (0.129s)	Loss 0.00902 (0.00999)
2025-12-31 17:03:43,942 Epoch: [13][40/200]	Time 0.295s (0.412s)	Speed 108.4 samples/s	Data 0.001s (0.098s)	Loss 0.01095 (0.01004)
2025-12-31 17:03:46,984 Epoch: [13][50/200]	Time 0.301s (0.391s)	Speed 106.2 samples/s	Data 0.001s (0.079s)	Loss 0.01102 (0.01000)
2025-12-31 17:03:50,030 Epoch: [13][60/200]	Time 0.299s (0.376s)	Speed 107.2 samples/s	Data 0.001s (0.066s)	Loss 0.01204 (0.01002)
2025-12-31 17:03:53,110 Epoch: [13][70/200]	Time 0.299s (0.367s)	Speed 107.1 samples/s	Data 0.001s (0.057s)	Loss 0.01135 (0.00991)
2025-12-31 17:03:56,157 Epoch: [13][80/200]	Time 0.316s (0.359s)	Speed 101.1 samples/s	Data 0.001s (0.050s)	Loss 0.01219 (0.01000)
2025-12-31 17:03:59,202 Epoch: [13][90/200]	Time 0.287s (0.353s)	Speed 111.4 samples/s	Data 0.002s (0.045s)	Loss 0.01415 (0.01012)
2025-12-31 17:04:02,239 Epoch: [13][100/200]	Time 0.315s (0.348s)	Speed 101.5 samples/s	Data 0.002s (0.041s)	Loss 0.00936 (0.01024)
2025-12-31 17:04:05,322 Epoch: [13][110/200]	Time 0.314s (0.345s)	Speed 102.0 samples/s	Data 0.001s (0.037s)	Loss 0.01162 (0.01042)
2025-12-31 17:04:08,430 Epoch: [13][120/200]	Time 0.313s (0.342s)	Speed 102.4 samples/s	Data 0.002s (0.034s)	Loss 0.01413 (0.01073)
2025-12-31 17:04:11,527 Epoch: [13][130/200]	Time 0.309s (0.339s)	Speed 103.4 samples/s	Data 0.001s (0.032s)	Loss 0.01721 (0.01113)
2025-12-31 17:04:14,640 Epoch: [13][140/200]	Time 0.311s (0.337s)	Speed 103.0 samples/s	Data 0.001s (0.029s)	Loss 0.01916 (0.01177)
2025-12-31 17:04:17,712 Epoch: [13][150/200]	Time 0.301s (0.335s)	Speed 106.3 samples/s	Data 0.002s (0.028s)	Loss 0.02640 (0.01258)
2025-12-31 17:04:20,764 Epoch: [13][160/200]	Time 0.304s (0.334s)	Speed 105.3 samples/s	Data 0.001s (0.026s)	Loss 0.02445 (0.01323)
2025-12-31 17:04:23,867 Epoch: [13][170/200]	Time 0.313s (0.332s)	Speed 102.1 samples/s	Data 0.001s (0.025s)	Loss 0.01947 (0.01365)
2025-12-31 17:04:27,037 Epoch: [13][180/200]	Time 0.321s (0.331s)	Speed 99.7 samples/s	Data 0.001s (0.023s)	Loss 0.02148 (0.01396)
2025-12-31 17:04:30,407 Epoch: [13][190/200]	Time 0.321s (0.332s)	Speed 99.8 samples/s	Data 0.002s (0.022s)	Loss 0.02090 (0.01437)
2025-12-31 17:04:36,735 Test: [0/200]	Time 2.938 (2.938)	Loss 0.0897 (0.0897)
2025-12-31 17:04:36,983 Test: [10/200]	Time 0.022 (0.290)	Loss 0.0145 (0.0712)
2025-12-31 17:04:37,217 Test: [20/200]	Time 0.023 (0.163)	Loss 0.0470 (0.0762)
2025-12-31 17:04:37,454 Test: [30/200]	Time 0.020 (0.118)	Loss 0.1107 (0.0829)
2025-12-31 17:04:37,712 Test: [40/200]	Time 0.029 (0.095)	Loss 0.0801 (0.0869)
2025-12-31 17:04:37,984 Test: [50/200]	Time 0.020 (0.082)	Loss 0.1028 (0.0850)
2025-12-31 17:04:38,261 Test: [60/200]	Time 0.026 (0.073)	Loss 0.1067 (0.0887)
2025-12-31 17:04:38,541 Test: [70/200]	Time 0.024 (0.067)	Loss 0.0682 (0.0890)
2025-12-31 17:04:38,787 Test: [80/200]	Time 0.024 (0.062)	Loss 0.0845 (0.0879)
2025-12-31 17:04:39,092 Test: [90/200]	Time 0.031 (0.058)	Loss 0.1538 (0.0892)
2025-12-31 17:04:39,409 Test: [100/200]	Time 0.028 (0.056)	Loss 0.1301 (0.0884)
2025-12-31 17:04:39,685 Test: [110/200]	Time 0.019 (0.053)	Loss 0.1989 (0.0897)
2025-12-31 17:04:39,964 Test: [120/200]	Time 0.030 (0.051)	Loss 0.0790 (0.0888)
2025-12-31 17:04:40,254 Test: [130/200]	Time 0.027 (0.049)	Loss 0.0671 (0.0897)
2025-12-31 17:04:40,539 Test: [140/200]	Time 0.026 (0.048)	Loss 0.0680 (0.0897)
2025-12-31 17:04:40,825 Test: [150/200]	Time 0.028 (0.047)	Loss 0.0789 (0.0886)
2025-12-31 17:04:41,094 Test: [160/200]	Time 0.030 (0.045)	Loss 0.1240 (0.0891)
2025-12-31 17:04:41,436 Test: [170/200]	Time 0.032 (0.045)	Loss 0.0864 (0.0881)
2025-12-31 17:04:41,730 Test: [180/200]	Time 0.030 (0.044)	Loss 0.0398 (0.0873)
2025-12-31 17:04:42,011 Test: [190/200]	Time 0.028 (0.043)	Loss 0.0427 (0.0870)
2025-12-31 17:04:43,480 Mean IoU score: 0.789
2025-12-31 17:04:43,485 => saving checkpoint to out
2025-12-31 17:04:48,682 Epoch: [14][0/200]	Time 5.179s (5.179s)	Speed 6.2 samples/s	Data 4.844s (4.844s)	Loss 0.01615 (0.01615)
2025-12-31 17:04:51,828 Epoch: [14][10/200]	Time 0.310s (0.757s)	Speed 103.3 samples/s	Data 0.001s (0.441s)	Loss 0.01161 (0.01547)
2025-12-31 17:04:54,924 Epoch: [14][20/200]	Time 0.323s (0.544s)	Speed 99.2 samples/s	Data 0.002s (0.232s)	Loss 0.01305 (0.01527)
2025-12-31 17:04:58,052 Epoch: [14][30/200]	Time 0.310s (0.469s)	Speed 103.3 samples/s	Data 0.001s (0.158s)	Loss 0.01599 (0.01491)
2025-12-31 17:05:01,342 Epoch: [14][40/200]	Time 0.356s (0.435s)	Speed 89.9 samples/s	Data 0.001s (0.119s)	Loss 0.01187 (0.01501)
2025-12-31 17:05:04,519 Epoch: [14][50/200]	Time 0.280s (0.412s)	Speed 114.3 samples/s	Data 0.001s (0.096s)	Loss 0.01532 (0.01512)
2025-12-31 17:05:07,994 Epoch: [14][60/200]	Time 0.322s (0.401s)	Speed 99.4 samples/s	Data 0.002s (0.081s)	Loss 0.01559 (0.01513)
2025-12-31 17:05:11,218 Epoch: [14][70/200]	Time 0.366s (0.390s)	Speed 87.5 samples/s	Data 0.002s (0.070s)	Loss 0.01310 (0.01516)
2025-12-31 17:05:14,360 Epoch: [14][80/200]	Time 0.319s (0.381s)	Speed 100.3 samples/s	Data 0.002s (0.061s)	Loss 0.01473 (0.01508)
2025-12-31 17:05:17,735 Epoch: [14][90/200]	Time 0.326s (0.376s)	Speed 98.2 samples/s	Data 0.002s (0.055s)	Loss 0.01705 (0.01531)
2025-12-31 17:05:20,887 Epoch: [14][100/200]	Time 0.294s (0.370s)	Speed 109.0 samples/s	Data 0.001s (0.049s)	Loss 0.01592 (0.01540)
2025-12-31 17:05:23,994 Epoch: [14][110/200]	Time 0.321s (0.365s)	Speed 99.6 samples/s	Data 0.001s (0.045s)	Loss 0.00869 (0.01538)
2025-12-31 17:05:27,130 Epoch: [14][120/200]	Time 0.325s (0.361s)	Speed 98.4 samples/s	Data 0.001s (0.041s)	Loss 0.01323 (0.01526)
2025-12-31 17:05:30,244 Epoch: [14][130/200]	Time 0.288s (0.357s)	Speed 111.0 samples/s	Data 0.001s (0.038s)	Loss 0.01251 (0.01506)
2025-12-31 17:05:33,448 Epoch: [14][140/200]	Time 0.310s (0.354s)	Speed 103.3 samples/s	Data 0.001s (0.036s)	Loss 0.01006 (0.01496)
2025-12-31 17:05:36,573 Epoch: [14][150/200]	Time 0.299s (0.351s)	Speed 107.1 samples/s	Data 0.002s (0.034s)	Loss 0.01343 (0.01479)
2025-12-31 17:05:39,664 Epoch: [14][160/200]	Time 0.306s (0.349s)	Speed 104.6 samples/s	Data 0.001s (0.032s)	Loss 0.01052 (0.01463)
2025-12-31 17:05:42,834 Epoch: [14][170/200]	Time 0.322s (0.347s)	Speed 99.5 samples/s	Data 0.003s (0.030s)	Loss 0.01443 (0.01452)
2025-12-31 17:05:45,869 Epoch: [14][180/200]	Time 0.300s (0.345s)	Speed 106.8 samples/s	Data 0.002s (0.028s)	Loss 0.01142 (0.01437)
2025-12-31 17:05:49,001 Epoch: [14][190/200]	Time 0.299s (0.343s)	Speed 107.2 samples/s	Data 0.002s (0.027s)	Loss 0.01035 (0.01422)
2025-12-31 17:05:56,598 Test: [0/200]	Time 3.125 (3.125)	Loss 0.0793 (0.0793)
2025-12-31 17:05:56,859 Test: [10/200]	Time 0.025 (0.308)	Loss 0.0093 (0.0532)
2025-12-31 17:05:57,139 Test: [20/200]	Time 0.029 (0.175)	Loss 0.0428 (0.0703)
2025-12-31 17:05:57,430 Test: [30/200]	Time 0.025 (0.128)	Loss 0.0691 (0.0755)
2025-12-31 17:05:57,761 Test: [40/200]	Time 0.027 (0.105)	Loss 0.0425 (0.0770)
2025-12-31 17:05:58,086 Test: [50/200]	Time 0.030 (0.090)	Loss 0.1175 (0.0781)
2025-12-31 17:05:58,430 Test: [60/200]	Time 0.029 (0.081)	Loss 0.0958 (0.0782)
2025-12-31 17:05:58,732 Test: [70/200]	Time 0.029 (0.074)	Loss 0.0601 (0.0778)
2025-12-31 17:05:59,029 Test: [80/200]	Time 0.031 (0.069)	Loss 0.0750 (0.0756)
2025-12-31 17:05:59,333 Test: [90/200]	Time 0.032 (0.064)	Loss 0.1428 (0.0782)
2025-12-31 17:05:59,638 Test: [100/200]	Time 0.030 (0.061)	Loss 0.1088 (0.0775)
2025-12-31 17:05:59,956 Test: [110/200]	Time 0.029 (0.058)	Loss 0.1753 (0.0779)
2025-12-31 17:06:00,275 Test: [120/200]	Time 0.036 (0.056)	Loss 0.0681 (0.0764)
2025-12-31 17:06:00,803 Test: [130/200]	Time 0.032 (0.056)	Loss 0.0800 (0.0766)
2025-12-31 17:06:01,127 Test: [140/200]	Time 0.030 (0.054)	Loss 0.0684 (0.0760)
2025-12-31 17:06:01,426 Test: [150/200]	Time 0.029 (0.053)	Loss 0.0650 (0.0745)
2025-12-31 17:06:01,710 Test: [160/200]	Time 0.021 (0.051)	Loss 0.0749 (0.0744)
2025-12-31 17:06:02,016 Test: [170/200]	Time 0.029 (0.050)	Loss 0.0846 (0.0737)
2025-12-31 17:06:02,292 Test: [180/200]	Time 0.025 (0.049)	Loss 0.0787 (0.0732)
2025-12-31 17:06:02,566 Test: [190/200]	Time 0.025 (0.048)	Loss 0.0348 (0.0730)
2025-12-31 17:06:04,021 Mean IoU score: 0.823
2025-12-31 17:06:04,026 => saving checkpoint to out
2025-12-31 17:06:08,804 Epoch: [15][0/200]	Time 4.759s (4.759s)	Speed 6.7 samples/s	Data 4.224s (4.224s)	Loss 0.00940 (0.00940)
2025-12-31 17:06:13,314 Epoch: [15][10/200]	Time 0.342s (0.843s)	Speed 93.6 samples/s	Data 0.002s (0.386s)	Loss 0.01190 (0.01028)
2025-12-31 17:06:16,559 Epoch: [15][20/200]	Time 0.326s (0.596s)	Speed 98.2 samples/s	Data 0.001s (0.203s)	Loss 0.01079 (0.01008)
2025-12-31 17:06:19,949 Epoch: [15][30/200]	Time 0.334s (0.513s)	Speed 95.9 samples/s	Data 0.002s (0.138s)	Loss 0.00955 (0.01005)
2025-12-31 17:06:23,459 Epoch: [15][40/200]	Time 0.326s (0.474s)	Speed 98.3 samples/s	Data 0.003s (0.105s)	Loss 0.01046 (0.00985)
2025-12-31 17:06:26,688 Epoch: [15][50/200]	Time 0.308s (0.444s)	Speed 103.8 samples/s	Data 0.001s (0.084s)	Loss 0.01107 (0.00975)
2025-12-31 17:06:29,796 Epoch: [15][60/200]	Time 0.315s (0.422s)	Speed 101.7 samples/s	Data 0.002s (0.071s)	Loss 0.01093 (0.00983)
2025-12-31 17:06:32,957 Epoch: [15][70/200]	Time 0.286s (0.407s)	Speed 111.9 samples/s	Data 0.001s (0.061s)	Loss 0.00698 (0.00972)
2025-12-31 17:06:36,003 Epoch: [15][80/200]	Time 0.303s (0.395s)	Speed 105.5 samples/s	Data 0.001s (0.054s)	Loss 0.00889 (0.00962)
2025-12-31 17:06:39,082 Epoch: [15][90/200]	Time 0.325s (0.385s)	Speed 98.3 samples/s	Data 0.001s (0.048s)	Loss 0.00872 (0.00961)
2025-12-31 17:06:42,174 Epoch: [15][100/200]	Time 0.326s (0.378s)	Speed 98.1 samples/s	Data 0.001s (0.043s)	Loss 0.01131 (0.00963)
2025-12-31 17:06:45,222 Epoch: [15][110/200]	Time 0.322s (0.371s)	Speed 99.5 samples/s	Data 0.002s (0.040s)	Loss 0.00685 (0.00960)
2025-12-31 17:06:48,352 Epoch: [15][120/200]	Time 0.320s (0.366s)	Speed 100.1 samples/s	Data 0.002s (0.036s)	Loss 0.00998 (0.00958)
2025-12-31 17:06:51,449 Epoch: [15][130/200]	Time 0.314s (0.362s)	Speed 101.9 samples/s	Data 0.001s (0.034s)	Loss 0.00746 (0.00948)
2025-12-31 17:06:54,552 Epoch: [15][140/200]	Time 0.296s (0.358s)	Speed 108.2 samples/s	Data 0.001s (0.031s)	Loss 0.01352 (0.00946)
2025-12-31 17:06:57,614 Epoch: [15][150/200]	Time 0.303s (0.355s)	Speed 105.5 samples/s	Data 0.002s (0.029s)	Loss 0.01165 (0.00946)
2025-12-31 17:07:00,677 Epoch: [15][160/200]	Time 0.301s (0.352s)	Speed 106.2 samples/s	Data 0.001s (0.028s)	Loss 0.00936 (0.00943)
2025-12-31 17:07:03,745 Epoch: [15][170/200]	Time 0.309s (0.349s)	Speed 103.5 samples/s	Data 0.001s (0.026s)	Loss 0.00589 (0.00937)
2025-12-31 17:07:06,952 Epoch: [15][180/200]	Time 0.316s (0.348s)	Speed 101.3 samples/s	Data 0.002s (0.025s)	Loss 0.00699 (0.00931)
2025-12-31 17:07:10,359 Epoch: [15][190/200]	Time 0.354s (0.347s)	Speed 90.4 samples/s	Data 0.001s (0.024s)	Loss 0.00661 (0.00925)
2025-12-31 17:07:16,802 Test: [0/200]	Time 2.785 (2.785)	Loss 0.0442 (0.0442)
2025-12-31 17:07:17,093 Test: [10/200]	Time 0.029 (0.280)	Loss 0.0081 (0.0455)
2025-12-31 17:07:17,464 Test: [20/200]	Time 0.037 (0.164)	Loss 0.0221 (0.0488)
2025-12-31 17:07:17,820 Test: [30/200]	Time 0.035 (0.123)	Loss 0.0764 (0.0535)
2025-12-31 17:07:18,171 Test: [40/200]	Time 0.040 (0.101)	Loss 0.0473 (0.0559)
2025-12-31 17:07:18,586 Test: [50/200]	Time 0.037 (0.090)	Loss 0.0666 (0.0545)
2025-12-31 17:07:19,067 Test: [60/200]	Time 0.038 (0.083)	Loss 0.0731 (0.0569)
2025-12-31 17:07:19,586 Test: [70/200]	Time 0.045 (0.078)	Loss 0.0547 (0.0572)
2025-12-31 17:07:19,913 Test: [80/200]	Time 0.031 (0.073)	Loss 0.0494 (0.0554)
2025-12-31 17:07:20,223 Test: [90/200]	Time 0.027 (0.068)	Loss 0.1094 (0.0573)
2025-12-31 17:07:20,544 Test: [100/200]	Time 0.029 (0.065)	Loss 0.0806 (0.0571)
2025-12-31 17:07:20,848 Test: [110/200]	Time 0.024 (0.062)	Loss 0.1542 (0.0587)
2025-12-31 17:07:21,130 Test: [120/200]	Time 0.021 (0.059)	Loss 0.0603 (0.0571)
2025-12-31 17:07:21,418 Test: [130/200]	Time 0.030 (0.056)	Loss 0.0498 (0.0577)
2025-12-31 17:07:21,826 Test: [140/200]	Time 0.041 (0.055)	Loss 0.0404 (0.0569)
2025-12-31 17:07:22,209 Test: [150/200]	Time 0.030 (0.054)	Loss 0.0608 (0.0561)
2025-12-31 17:07:22,521 Test: [160/200]	Time 0.024 (0.053)	Loss 0.0523 (0.0560)
2025-12-31 17:07:22,972 Test: [170/200]	Time 0.037 (0.052)	Loss 0.0540 (0.0560)
2025-12-31 17:07:23,379 Test: [180/200]	Time 0.039 (0.052)	Loss 0.0293 (0.0555)
2025-12-31 17:07:23,740 Test: [190/200]	Time 0.033 (0.051)	Loss 0.0278 (0.0551)
2025-12-31 17:07:26,040 Mean IoU score: 0.869
2025-12-31 17:07:26,044 => saving checkpoint to out
2025-12-31 17:07:32,617 Epoch: [16][0/200]	Time 6.542s (6.542s)	Speed 4.9 samples/s	Data 5.986s (5.986s)	Loss 0.00665 (0.00665)
2025-12-31 17:07:36,556 Epoch: [16][10/200]	Time 0.367s (0.953s)	Speed 87.2 samples/s	Data 0.001s (0.545s)	Loss 0.00739 (0.00789)
2025-12-31 17:07:39,849 Epoch: [16][20/200]	Time 0.318s (0.656s)	Speed 100.6 samples/s	Data 0.002s (0.287s)	Loss 0.00885 (0.00823)
2025-12-31 17:07:42,980 Epoch: [16][30/200]	Time 0.314s (0.545s)	Speed 101.9 samples/s	Data 0.002s (0.195s)	Loss 0.00739 (0.00810)
2025-12-31 17:07:46,175 Epoch: [16][40/200]	Time 0.303s (0.490s)	Speed 105.7 samples/s	Data 0.001s (0.147s)	Loss 0.00765 (0.00798)
2025-12-31 17:07:50,194 Epoch: [16][50/200]	Time 0.355s (0.473s)	Speed 90.1 samples/s	Data 0.002s (0.119s)	Loss 0.00908 (0.00792)
2025-12-31 17:07:53,758 Epoch: [16][60/200]	Time 0.331s (0.454s)	Speed 96.8 samples/s	Data 0.001s (0.100s)	Loss 0.00900 (0.00791)
2025-12-31 17:07:56,888 Epoch: [16][70/200]	Time 0.300s (0.434s)	Speed 106.8 samples/s	Data 0.001s (0.086s)	Loss 0.00789 (0.00792)
2025-12-31 17:07:59,949 Epoch: [16][80/200]	Time 0.284s (0.418s)	Speed 112.6 samples/s	Data 0.001s (0.075s)	Loss 0.00542 (0.00781)
2025-12-31 17:08:03,095 Epoch: [16][90/200]	Time 0.318s (0.407s)	Speed 100.8 samples/s	Data 0.002s (0.067s)	Loss 0.00884 (0.00791)
2025-12-31 17:08:06,157 Epoch: [16][100/200]	Time 0.308s (0.397s)	Speed 104.0 samples/s	Data 0.002s (0.061s)	Loss 0.00988 (0.00795)
2025-12-31 17:08:09,252 Epoch: [16][110/200]	Time 0.301s (0.389s)	Speed 106.4 samples/s	Data 0.001s (0.055s)	Loss 0.00772 (0.00793)
2025-12-31 17:08:12,514 Epoch: [16][120/200]	Time 0.324s (0.384s)	Speed 98.8 samples/s	Data 0.001s (0.051s)	Loss 0.01018 (0.00797)
2025-12-31 17:08:15,603 Epoch: [16][130/200]	Time 0.312s (0.378s)	Speed 102.7 samples/s	Data 0.002s (0.047s)	Loss 0.00834 (0.00796)
2025-12-31 17:08:18,675 Epoch: [16][140/200]	Time 0.311s (0.373s)	Speed 103.0 samples/s	Data 0.001s (0.044s)	Loss 0.00845 (0.00795)
2025-12-31 17:08:21,751 Epoch: [16][150/200]	Time 0.312s (0.369s)	Speed 102.6 samples/s	Data 0.002s (0.041s)	Loss 0.00885 (0.00795)
2025-12-31 17:08:24,900 Epoch: [16][160/200]	Time 0.298s (0.365s)	Speed 107.5 samples/s	Data 0.002s (0.039s)	Loss 0.00710 (0.00795)
2025-12-31 17:08:28,037 Epoch: [16][170/200]	Time 0.332s (0.362s)	Speed 96.3 samples/s	Data 0.001s (0.037s)	Loss 0.01000 (0.00798)
2025-12-31 17:08:31,331 Epoch: [16][180/200]	Time 0.348s (0.361s)	Speed 91.8 samples/s	Data 0.001s (0.035s)	Loss 0.00737 (0.00795)
2025-12-31 17:08:34,541 Epoch: [16][190/200]	Time 0.328s (0.358s)	Speed 97.5 samples/s	Data 0.002s (0.033s)	Loss 0.00786 (0.00796)
2025-12-31 17:08:40,560 Test: [0/200]	Time 2.618 (2.618)	Loss 0.0564 (0.0564)
2025-12-31 17:08:40,804 Test: [10/200]	Time 0.024 (0.260)	Loss 0.0089 (0.0423)
2025-12-31 17:08:41,111 Test: [20/200]	Time 0.032 (0.151)	Loss 0.0198 (0.0477)
2025-12-31 17:08:41,445 Test: [30/200]	Time 0.032 (0.113)	Loss 0.0568 (0.0528)
2025-12-31 17:08:41,736 Test: [40/200]	Time 0.027 (0.093)	Loss 0.0380 (0.0542)
2025-12-31 17:08:42,015 Test: [50/200]	Time 0.030 (0.080)	Loss 0.0846 (0.0538)
2025-12-31 17:08:42,299 Test: [60/200]	Time 0.030 (0.071)	Loss 0.0690 (0.0555)
2025-12-31 17:08:42,584 Test: [70/200]	Time 0.028 (0.065)	Loss 0.0476 (0.0551)
2025-12-31 17:08:42,869 Test: [80/200]	Time 0.034 (0.061)	Loss 0.0563 (0.0540)
2025-12-31 17:08:43,169 Test: [90/200]	Time 0.031 (0.057)	Loss 0.1041 (0.0559)
2025-12-31 17:08:43,500 Test: [100/200]	Time 0.031 (0.055)	Loss 0.0676 (0.0556)
2025-12-31 17:08:43,813 Test: [110/200]	Time 0.029 (0.053)	Loss 0.1635 (0.0564)
2025-12-31 17:08:44,099 Test: [120/200]	Time 0.023 (0.051)	Loss 0.0505 (0.0548)
2025-12-31 17:08:44,365 Test: [130/200]	Time 0.024 (0.049)	Loss 0.0531 (0.0551)
2025-12-31 17:08:44,638 Test: [140/200]	Time 0.026 (0.047)	Loss 0.0420 (0.0542)
2025-12-31 17:08:44,901 Test: [150/200]	Time 0.025 (0.046)	Loss 0.0635 (0.0536)
2025-12-31 17:08:45,188 Test: [160/200]	Time 0.030 (0.045)	Loss 0.0493 (0.0536)
2025-12-31 17:08:45,493 Test: [170/200]	Time 0.029 (0.044)	Loss 0.0416 (0.0533)
2025-12-31 17:08:45,791 Test: [180/200]	Time 0.031 (0.043)	Loss 0.0322 (0.0531)
2025-12-31 17:08:46,076 Test: [190/200]	Time 0.029 (0.043)	Loss 0.0248 (0.0526)
2025-12-31 17:08:47,547 Mean IoU score: 0.874
2025-12-31 17:08:47,551 => saving checkpoint to out
2025-12-31 17:08:51,951 Epoch: [17][0/200]	Time 4.378s (4.378s)	Speed 7.3 samples/s	Data 3.992s (3.992s)	Loss 0.00813 (0.00813)
2025-12-31 17:08:55,002 Epoch: [17][10/200]	Time 0.307s (0.675s)	Speed 104.2 samples/s	Data 0.001s (0.364s)	Loss 0.00771 (0.00691)
2025-12-31 17:08:58,068 Epoch: [17][20/200]	Time 0.309s (0.500s)	Speed 103.5 samples/s	Data 0.002s (0.191s)	Loss 0.00747 (0.00721)
2025-12-31 17:09:01,184 Epoch: [17][30/200]	Time 0.319s (0.439s)	Speed 100.3 samples/s	Data 0.001s (0.130s)	Loss 0.00753 (0.00725)
2025-12-31 17:09:04,236 Epoch: [17][40/200]	Time 0.326s (0.406s)	Speed 98.2 samples/s	Data 0.002s (0.099s)	Loss 0.00760 (0.00745)
2025-12-31 17:09:07,351 Epoch: [17][50/200]	Time 0.355s (0.388s)	Speed 90.1 samples/s	Data 0.001s (0.080s)	Loss 0.00884 (0.00753)
2025-12-31 17:09:10,485 Epoch: [17][60/200]	Time 0.335s (0.376s)	Speed 95.7 samples/s	Data 0.003s (0.067s)	Loss 0.00917 (0.00752)
2025-12-31 17:09:13,667 Epoch: [17][70/200]	Time 0.305s (0.368s)	Speed 104.8 samples/s	Data 0.001s (0.058s)	Loss 0.00688 (0.00753)
2025-12-31 17:09:16,715 Epoch: [17][80/200]	Time 0.309s (0.360s)	Speed 103.6 samples/s	Data 0.001s (0.051s)	Loss 0.00962 (0.00753)
2025-12-31 17:09:19,856 Epoch: [17][90/200]	Time 0.307s (0.355s)	Speed 104.1 samples/s	Data 0.001s (0.045s)	Loss 0.00799 (0.00754)
2025-12-31 17:09:22,929 Epoch: [17][100/200]	Time 0.303s (0.350s)	Speed 105.6 samples/s	Data 0.001s (0.041s)	Loss 0.00635 (0.00747)
2025-12-31 17:09:26,030 Epoch: [17][110/200]	Time 0.328s (0.346s)	Speed 97.6 samples/s	Data 0.001s (0.037s)	Loss 0.00575 (0.00748)
2025-12-31 17:09:29,194 Epoch: [17][120/200]	Time 0.318s (0.344s)	Speed 100.6 samples/s	Data 0.001s (0.034s)	Loss 0.00710 (0.00746)
2025-12-31 17:09:32,427 Epoch: [17][130/200]	Time 0.325s (0.342s)	Speed 98.6 samples/s	Data 0.001s (0.032s)	Loss 0.00870 (0.00747)
2025-12-31 17:09:35,566 Epoch: [17][140/200]	Time 0.345s (0.340s)	Speed 92.7 samples/s	Data 0.002s (0.030s)	Loss 0.00607 (0.00743)
2025-12-31 17:09:38,699 Epoch: [17][150/200]	Time 0.293s (0.339s)	Speed 109.4 samples/s	Data 0.002s (0.028s)	Loss 0.00578 (0.00742)
2025-12-31 17:09:41,760 Epoch: [17][160/200]	Time 0.305s (0.337s)	Speed 105.1 samples/s	Data 0.001s (0.026s)	Loss 0.00772 (0.00743)
2025-12-31 17:09:44,904 Epoch: [17][170/200]	Time 0.312s (0.335s)	Speed 102.7 samples/s	Data 0.001s (0.025s)	Loss 0.00724 (0.00746)
2025-12-31 17:09:47,995 Epoch: [17][180/200]	Time 0.289s (0.334s)	Speed 110.8 samples/s	Data 0.001s (0.024s)	Loss 0.00660 (0.00744)
2025-12-31 17:09:51,111 Epoch: [17][190/200]	Time 0.323s (0.333s)	Speed 99.0 samples/s	Data 0.002s (0.022s)	Loss 0.00752 (0.00744)
2025-12-31 17:09:56,839 Test: [0/200]	Time 2.480 (2.480)	Loss 0.0576 (0.0576)
2025-12-31 17:09:57,075 Test: [10/200]	Time 0.023 (0.247)	Loss 0.0077 (0.0438)
2025-12-31 17:09:57,341 Test: [20/200]	Time 0.022 (0.142)	Loss 0.0210 (0.0488)
2025-12-31 17:09:57,645 Test: [30/200]	Time 0.029 (0.106)	Loss 0.0573 (0.0533)
2025-12-31 17:09:57,943 Test: [40/200]	Time 0.027 (0.087)	Loss 0.0407 (0.0551)
2025-12-31 17:09:58,221 Test: [50/200]	Time 0.023 (0.076)	Loss 0.0796 (0.0546)
2025-12-31 17:09:58,506 Test: [60/200]	Time 0.027 (0.068)	Loss 0.0701 (0.0567)
2025-12-31 17:09:58,825 Test: [70/200]	Time 0.035 (0.063)	Loss 0.0483 (0.0567)
2025-12-31 17:09:59,131 Test: [80/200]	Time 0.028 (0.059)	Loss 0.0585 (0.0553)
2025-12-31 17:09:59,414 Test: [90/200]	Time 0.028 (0.056)	Loss 0.1062 (0.0577)
2025-12-31 17:09:59,700 Test: [100/200]	Time 0.031 (0.053)	Loss 0.0671 (0.0573)
2025-12-31 17:10:00,019 Test: [110/200]	Time 0.034 (0.051)	Loss 0.1642 (0.0582)
2025-12-31 17:10:00,299 Test: [120/200]	Time 0.030 (0.049)	Loss 0.0514 (0.0566)
2025-12-31 17:10:00,599 Test: [130/200]	Time 0.029 (0.048)	Loss 0.0607 (0.0570)
2025-12-31 17:10:00,880 Test: [140/200]	Time 0.021 (0.046)	Loss 0.0477 (0.0562)
2025-12-31 17:10:01,164 Test: [150/200]	Time 0.028 (0.045)	Loss 0.0655 (0.0554)
2025-12-31 17:10:01,531 Test: [160/200]	Time 0.039 (0.045)	Loss 0.0477 (0.0554)
2025-12-31 17:10:01,836 Test: [170/200]	Time 0.030 (0.044)	Loss 0.0392 (0.0552)
2025-12-31 17:10:02,182 Test: [180/200]	Time 0.028 (0.043)	Loss 0.0369 (0.0548)
2025-12-31 17:10:02,490 Test: [190/200]	Time 0.032 (0.043)	Loss 0.0258 (0.0542)
2025-12-31 17:10:03,941 Mean IoU score: 0.873
2025-12-31 17:10:03,947 => saving checkpoint to out
2025-12-31 17:10:08,370 Epoch: [18][0/200]	Time 4.407s (4.407s)	Speed 7.3 samples/s	Data 4.037s (4.037s)	Loss 0.00775 (0.00775)
2025-12-31 17:10:11,471 Epoch: [18][10/200]	Time 0.316s (0.682s)	Speed 101.3 samples/s	Data 0.001s (0.368s)	Loss 0.00527 (0.00722)
2025-12-31 17:10:14,622 Epoch: [18][20/200]	Time 0.313s (0.508s)	Speed 102.2 samples/s	Data 0.002s (0.194s)	Loss 0.00871 (0.00732)
2025-12-31 17:10:17,660 Epoch: [18][30/200]	Time 0.318s (0.442s)	Speed 100.5 samples/s	Data 0.001s (0.132s)	Loss 0.00686 (0.00708)
2025-12-31 17:10:20,722 Epoch: [18][40/200]	Time 0.288s (0.409s)	Speed 111.1 samples/s	Data 0.001s (0.100s)	Loss 0.00888 (0.00705)
2025-12-31 17:10:23,713 Epoch: [18][50/200]	Time 0.300s (0.387s)	Speed 106.6 samples/s	Data 0.001s (0.081s)	Loss 0.00620 (0.00693)
2025-12-31 17:10:26,836 Epoch: [18][60/200]	Time 0.327s (0.375s)	Speed 97.8 samples/s	Data 0.001s (0.068s)	Loss 0.00550 (0.00694)
2025-12-31 17:10:29,890 Epoch: [18][70/200]	Time 0.316s (0.365s)	Speed 101.3 samples/s	Data 0.001s (0.058s)	Loss 0.00710 (0.00690)
2025-12-31 17:10:33,045 Epoch: [18][80/200]	Time 0.317s (0.359s)	Speed 101.1 samples/s	Data 0.001s (0.051s)	Loss 0.00711 (0.00686)
2025-12-31 17:10:36,382 Epoch: [18][90/200]	Time 0.387s (0.356s)	Speed 82.7 samples/s	Data 0.001s (0.046s)	Loss 0.00604 (0.00692)
2025-12-31 17:10:39,734 Epoch: [18][100/200]	Time 0.330s (0.354s)	Speed 96.9 samples/s	Data 0.002s (0.041s)	Loss 0.00795 (0.00689)
2025-12-31 17:10:43,071 Epoch: [18][110/200]	Time 0.348s (0.352s)	Speed 91.9 samples/s	Data 0.001s (0.038s)	Loss 0.00825 (0.00692)
2025-12-31 17:10:46,369 Epoch: [18][120/200]	Time 0.306s (0.350s)	Speed 104.6 samples/s	Data 0.002s (0.035s)	Loss 0.00652 (0.00694)
2025-12-31 17:10:50,518 Epoch: [18][130/200]	Time 0.357s (0.355s)	Speed 89.7 samples/s	Data 0.002s (0.032s)	Loss 0.00840 (0.00693)
2025-12-31 17:10:54,120 Epoch: [18][140/200]	Time 0.408s (0.356s)	Speed 78.5 samples/s	Data 0.002s (0.030s)	Loss 0.00597 (0.00696)
2025-12-31 17:10:57,359 Epoch: [18][150/200]	Time 0.310s (0.354s)	Speed 103.3 samples/s	Data 0.002s (0.028s)	Loss 0.00707 (0.00696)
2025-12-31 17:11:00,464 Epoch: [18][160/200]	Time 0.304s (0.351s)	Speed 105.2 samples/s	Data 0.001s (0.027s)	Loss 0.00525 (0.00699)
2025-12-31 17:11:03,619 Epoch: [18][170/200]	Time 0.310s (0.349s)	Speed 103.1 samples/s	Data 0.001s (0.025s)	Loss 0.00813 (0.00698)
2025-12-31 17:11:06,729 Epoch: [18][180/200]	Time 0.315s (0.347s)	Speed 101.7 samples/s	Data 0.001s (0.024s)	Loss 0.00854 (0.00698)
2025-12-31 17:11:09,905 Epoch: [18][190/200]	Time 0.321s (0.345s)	Speed 99.6 samples/s	Data 0.001s (0.023s)	Loss 0.00674 (0.00698)
2025-12-31 17:11:15,785 Test: [0/200]	Time 2.506 (2.506)	Loss 0.0604 (0.0604)
2025-12-31 17:11:16,025 Test: [10/200]	Time 0.022 (0.249)	Loss 0.0140 (0.0461)
2025-12-31 17:11:16,274 Test: [20/200]	Time 0.028 (0.143)	Loss 0.0217 (0.0505)
2025-12-31 17:11:16,557 Test: [30/200]	Time 0.026 (0.106)	Loss 0.0538 (0.0557)
2025-12-31 17:11:16,870 Test: [40/200]	Time 0.028 (0.088)	Loss 0.0389 (0.0566)
2025-12-31 17:11:17,147 Test: [50/200]	Time 0.022 (0.076)	Loss 0.0888 (0.0561)
2025-12-31 17:11:17,430 Test: [60/200]	Time 0.028 (0.068)	Loss 0.0666 (0.0579)
2025-12-31 17:11:17,710 Test: [70/200]	Time 0.026 (0.062)	Loss 0.0500 (0.0577)
2025-12-31 17:11:17,981 Test: [80/200]	Time 0.022 (0.058)	Loss 0.0680 (0.0564)
2025-12-31 17:11:18,253 Test: [90/200]	Time 0.024 (0.055)	Loss 0.1040 (0.0587)
2025-12-31 17:11:18,530 Test: [100/200]	Time 0.022 (0.052)	Loss 0.0626 (0.0583)
2025-12-31 17:11:18,820 Test: [110/200]	Time 0.025 (0.050)	Loss 0.1652 (0.0589)
2025-12-31 17:11:19,122 Test: [120/200]	Time 0.027 (0.048)	Loss 0.0536 (0.0572)
2025-12-31 17:11:19,396 Test: [130/200]	Time 0.031 (0.047)	Loss 0.0610 (0.0577)
2025-12-31 17:11:19,672 Test: [140/200]	Time 0.027 (0.045)	Loss 0.0525 (0.0569)
2025-12-31 17:11:19,944 Test: [150/200]	Time 0.022 (0.044)	Loss 0.0729 (0.0562)
2025-12-31 17:11:20,224 Test: [160/200]	Time 0.029 (0.043)	Loss 0.0452 (0.0562)
2025-12-31 17:11:20,503 Test: [170/200]	Time 0.026 (0.042)	Loss 0.0481 (0.0559)
2025-12-31 17:11:20,781 Test: [180/200]	Time 0.030 (0.041)	Loss 0.0339 (0.0555)
2025-12-31 17:11:21,070 Test: [190/200]	Time 0.031 (0.041)	Loss 0.0259 (0.0550)
2025-12-31 17:11:22,575 Mean IoU score: 0.872
2025-12-31 17:11:22,580 => saving checkpoint to out
2025-12-31 17:11:27,063 Epoch: [19][0/200]	Time 4.468s (4.468s)	Speed 7.2 samples/s	Data 4.117s (4.117s)	Loss 0.00769 (0.00769)
2025-12-31 17:11:30,167 Epoch: [19][10/200]	Time 0.313s (0.688s)	Speed 102.4 samples/s	Data 0.002s (0.376s)	Loss 0.00790 (0.00668)
2025-12-31 17:11:33,366 Epoch: [19][20/200]	Time 0.301s (0.513s)	Speed 106.3 samples/s	Data 0.001s (0.198s)	Loss 0.00625 (0.00637)
2025-12-31 17:11:36,407 Epoch: [19][30/200]	Time 0.299s (0.446s)	Speed 107.0 samples/s	Data 0.001s (0.134s)	Loss 0.00760 (0.00641)
2025-12-31 17:11:39,511 Epoch: [19][40/200]	Time 0.314s (0.413s)	Speed 102.0 samples/s	Data 0.002s (0.102s)	Loss 0.00523 (0.00643)
2025-12-31 17:11:42,614 Epoch: [19][50/200]	Time 0.313s (0.393s)	Speed 102.3 samples/s	Data 0.001s (0.082s)	Loss 0.00713 (0.00648)
2025-12-31 17:11:45,712 Epoch: [19][60/200]	Time 0.327s (0.379s)	Speed 97.7 samples/s	Data 0.002s (0.069s)	Loss 0.00713 (0.00646)
2025-12-31 17:11:48,760 Epoch: [19][70/200]	Time 0.298s (0.369s)	Speed 107.4 samples/s	Data 0.001s (0.060s)	Loss 0.00582 (0.00644)
2025-12-31 17:11:51,786 Epoch: [19][80/200]	Time 0.303s (0.360s)	Speed 105.4 samples/s	Data 0.001s (0.052s)	Loss 0.00694 (0.00648)
2025-12-31 17:11:54,882 Epoch: [19][90/200]	Time 0.311s (0.355s)	Speed 102.8 samples/s	Data 0.001s (0.047s)	Loss 0.00727 (0.00653)
2025-12-31 17:11:57,898 Epoch: [19][100/200]	Time 0.315s (0.350s)	Speed 101.7 samples/s	Data 0.001s (0.042s)	Loss 0.00798 (0.00655)
2025-12-31 17:12:01,031 Epoch: [19][110/200]	Time 0.290s (0.346s)	Speed 110.2 samples/s	Data 0.001s (0.039s)	Loss 0.00608 (0.00653)
2025-12-31 17:12:04,043 Epoch: [19][120/200]	Time 0.313s (0.343s)	Speed 102.3 samples/s	Data 0.001s (0.036s)	Loss 0.00594 (0.00652)
2025-12-31 17:12:07,133 Epoch: [19][130/200]	Time 0.307s (0.340s)	Speed 104.2 samples/s	Data 0.001s (0.033s)	Loss 0.00653 (0.00653)
2025-12-31 17:12:10,185 Epoch: [19][140/200]	Time 0.304s (0.338s)	Speed 105.1 samples/s	Data 0.001s (0.031s)	Loss 0.00539 (0.00660)
2025-12-31 17:12:13,310 Epoch: [19][150/200]	Time 0.322s (0.336s)	Speed 99.5 samples/s	Data 0.001s (0.029s)	Loss 0.00664 (0.00662)
2025-12-31 17:12:16,401 Epoch: [19][160/200]	Time 0.301s (0.334s)	Speed 106.3 samples/s	Data 0.002s (0.027s)	Loss 0.00804 (0.00663)
2025-12-31 17:12:19,506 Epoch: [19][170/200]	Time 0.320s (0.333s)	Speed 99.9 samples/s	Data 0.001s (0.026s)	Loss 0.00556 (0.00663)
2025-12-31 17:12:22,606 Epoch: [19][180/200]	Time 0.314s (0.332s)	Speed 101.9 samples/s	Data 0.001s (0.024s)	Loss 0.00698 (0.00662)
2025-12-31 17:12:25,757 Epoch: [19][190/200]	Time 0.319s (0.331s)	Speed 100.2 samples/s	Data 0.002s (0.023s)	Loss 0.00705 (0.00665)
2025-12-31 17:12:31,705 Test: [0/200]	Time 2.562 (2.562)	Loss 0.0581 (0.0581)
2025-12-31 17:12:31,970 Test: [10/200]	Time 0.028 (0.257)	Loss 0.0101 (0.0472)
2025-12-31 17:12:32,249 Test: [20/200]	Time 0.027 (0.148)	Loss 0.0207 (0.0517)
2025-12-31 17:12:32,519 Test: [30/200]	Time 0.028 (0.109)	Loss 0.0588 (0.0559)
2025-12-31 17:12:32,789 Test: [40/200]	Time 0.028 (0.089)	Loss 0.0426 (0.0576)
2025-12-31 17:12:33,090 Test: [50/200]	Time 0.031 (0.077)	Loss 0.0825 (0.0571)
2025-12-31 17:12:33,407 Test: [60/200]	Time 0.027 (0.070)	Loss 0.0675 (0.0590)
2025-12-31 17:12:33,681 Test: [70/200]	Time 0.023 (0.064)	Loss 0.0467 (0.0590)
2025-12-31 17:12:33,986 Test: [80/200]	Time 0.028 (0.060)	Loss 0.0669 (0.0575)
2025-12-31 17:12:34,294 Test: [90/200]	Time 0.028 (0.057)	Loss 0.1082 (0.0597)
2025-12-31 17:12:34,575 Test: [100/200]	Time 0.026 (0.054)	Loss 0.0646 (0.0594)
2025-12-31 17:12:34,861 Test: [110/200]	Time 0.029 (0.051)	Loss 0.1691 (0.0603)
2025-12-31 17:12:35,154 Test: [120/200]	Time 0.028 (0.050)	Loss 0.0559 (0.0588)
2025-12-31 17:12:35,474 Test: [130/200]	Time 0.031 (0.048)	Loss 0.0571 (0.0592)
2025-12-31 17:12:35,765 Test: [140/200]	Time 0.029 (0.047)	Loss 0.0498 (0.0584)
2025-12-31 17:12:36,050 Test: [150/200]	Time 0.032 (0.046)	Loss 0.0863 (0.0578)
2025-12-31 17:12:36,340 Test: [160/200]	Time 0.027 (0.045)	Loss 0.0502 (0.0578)
2025-12-31 17:12:36,625 Test: [170/200]	Time 0.029 (0.044)	Loss 0.0437 (0.0575)
2025-12-31 17:12:36,918 Test: [180/200]	Time 0.025 (0.043)	Loss 0.0416 (0.0572)
2025-12-31 17:12:37,209 Test: [190/200]	Time 0.024 (0.042)	Loss 0.0236 (0.0566)
2025-12-31 17:12:38,721 Mean IoU score: 0.870
2025-12-31 17:12:38,726 => saving checkpoint to out
2025-12-31 17:12:38,742 saving final model state to out\final_state.pth.tar
